core_cm4.h:1688:22:__NVIC_EnableIRQ	16	static
core_cm4.h:1816:22:__NVIC_SetPriority	16	static
main.c:87:6:SPI_Config	4	static
main.c:121:6:SPI_transmit	24	static
main.c:146:6:SPI_receive	16	static
main.c:158:6:GPIO_Config	4	static
main.c:191:6:exti_init	8	static,ignoring_inline_asm
main.c:215:6:EXTI0_IRQHandler	4	static
main.c:226:6:EXTI1_IRQHandler	4	static
main.c:242:6:CS_Enable	4	static
main.c:248:6:CS_Disable	4	static
main.c:253:6:LIS3DSH_write	16	static
main.c:263:6:LIS3DSH_read	16	static
main.c:276:6:LIS3DSH_doubleTap_init	8	static
main.c:304:6:LIS3DSH_wakeup_init	8	static
main.c:321:6:LIS3DSH_freefall_init	16	static
main.c:351:6:LIS3DSH_init	8	static
main.c:361:5:main	32	static
