Archive member included to satisfy reference by file (symbol)

../../../Middlewares/ST/STM32_Audio/Addons/PDM/Lib/libPDMFilter_CM4_GCC_wc32.a(pdm_filter.o)
                              ./Drivers/BSP/STM32F4-Discovery/stm32f4_discovery_audio.o (PDM_Filter_Init)
../../../Middlewares/ST/STM32_Audio/Addons/PDM/Lib/libPDMFilter_CM4_GCC_wc32.a(stm32_crc_lock.o)
                              ../../../Middlewares/ST/STM32_Audio/Addons/PDM/Lib/libPDMFilter_CM4_GCC_wc32.a(pdm_filter.o) (CRC_Lock)
/opt/st/stm32cubeide_1.7.0/plugins/com.st.stm32cube.ide.mcu.externaltools.gnu-tools-for-stm32.9-2020-q2-update.linux64_2.0.0.202105311346/tools/bin/../lib/gcc/arm-none-eabi/9.3.1/../../../../arm-none-eabi/lib/thumb/v7e-m+fp/hard/libc_nano.a(lib_a-errno.o)
                              ./syscalls.o (__errno)
/opt/st/stm32cubeide_1.7.0/plugins/com.st.stm32cube.ide.mcu.externaltools.gnu-tools-for-stm32.9-2020-q2-update.linux64_2.0.0.202105311346/tools/bin/../lib/gcc/arm-none-eabi/9.3.1/../../../../arm-none-eabi/lib/thumb/v7e-m+fp/hard/libc_nano.a(lib_a-exit.o)
                              /opt/st/stm32cubeide_1.7.0/plugins/com.st.stm32cube.ide.mcu.externaltools.gnu-tools-for-stm32.9-2020-q2-update.linux64_2.0.0.202105311346/tools/bin/../lib/gcc/arm-none-eabi/9.3.1/../../../../arm-none-eabi/lib/thumb/v7e-m+fp/hard/crt0.o (exit)
/opt/st/stm32cubeide_1.7.0/plugins/com.st.stm32cube.ide.mcu.externaltools.gnu-tools-for-stm32.9-2020-q2-update.linux64_2.0.0.202105311346/tools/bin/../lib/gcc/arm-none-eabi/9.3.1/../../../../arm-none-eabi/lib/thumb/v7e-m+fp/hard/libc_nano.a(lib_a-impure.o)
                              /opt/st/stm32cubeide_1.7.0/plugins/com.st.stm32cube.ide.mcu.externaltools.gnu-tools-for-stm32.9-2020-q2-update.linux64_2.0.0.202105311346/tools/bin/../lib/gcc/arm-none-eabi/9.3.1/../../../../arm-none-eabi/lib/thumb/v7e-m+fp/hard/libc_nano.a(lib_a-exit.o) (_global_impure_ptr)
/opt/st/stm32cubeide_1.7.0/plugins/com.st.stm32cube.ide.mcu.externaltools.gnu-tools-for-stm32.9-2020-q2-update.linux64_2.0.0.202105311346/tools/bin/../lib/gcc/arm-none-eabi/9.3.1/../../../../arm-none-eabi/lib/thumb/v7e-m+fp/hard/libc_nano.a(lib_a-init.o)
                              /opt/st/stm32cubeide_1.7.0/plugins/com.st.stm32cube.ide.mcu.externaltools.gnu-tools-for-stm32.9-2020-q2-update.linux64_2.0.0.202105311346/tools/bin/../lib/gcc/arm-none-eabi/9.3.1/../../../../arm-none-eabi/lib/thumb/v7e-m+fp/hard/crt0.o (__libc_init_array)
/opt/st/stm32cubeide_1.7.0/plugins/com.st.stm32cube.ide.mcu.externaltools.gnu-tools-for-stm32.9-2020-q2-update.linux64_2.0.0.202105311346/tools/bin/../lib/gcc/arm-none-eabi/9.3.1/../../../../arm-none-eabi/lib/thumb/v7e-m+fp/hard/libc_nano.a(lib_a-memset.o)
                              /opt/st/stm32cubeide_1.7.0/plugins/com.st.stm32cube.ide.mcu.externaltools.gnu-tools-for-stm32.9-2020-q2-update.linux64_2.0.0.202105311346/tools/bin/../lib/gcc/arm-none-eabi/9.3.1/../../../../arm-none-eabi/lib/thumb/v7e-m+fp/hard/crt0.o (memset)
/opt/st/stm32cubeide_1.7.0/plugins/com.st.stm32cube.ide.mcu.externaltools.gnu-tools-for-stm32.9-2020-q2-update.linux64_2.0.0.202105311346/tools/bin/../lib/gcc/arm-none-eabi/9.3.1/../../../../arm-none-eabi/lib/thumb/v7e-m+fp/hard/libm.a(lib_a-sf_round.o)
                              ../../../Middlewares/ST/STM32_Audio/Addons/PDM/Lib/libPDMFilter_CM4_GCC_wc32.a(pdm_filter.o) (roundf)
/opt/st/stm32cubeide_1.7.0/plugins/com.st.stm32cube.ide.mcu.externaltools.gnu-tools-for-stm32.9-2020-q2-update.linux64_2.0.0.202105311346/tools/bin/../lib/gcc/arm-none-eabi/9.3.1/../../../../arm-none-eabi/lib/thumb/v7e-m+fp/hard/libm.a(lib_a-wf_pow.o)
                              ../../../Middlewares/ST/STM32_Audio/Addons/PDM/Lib/libPDMFilter_CM4_GCC_wc32.a(pdm_filter.o) (powf)
/opt/st/stm32cubeide_1.7.0/plugins/com.st.stm32cube.ide.mcu.externaltools.gnu-tools-for-stm32.9-2020-q2-update.linux64_2.0.0.202105311346/tools/bin/../lib/gcc/arm-none-eabi/9.3.1/../../../../arm-none-eabi/lib/thumb/v7e-m+fp/hard/libm.a(lib_a-ef_pow.o)
                              /opt/st/stm32cubeide_1.7.0/plugins/com.st.stm32cube.ide.mcu.externaltools.gnu-tools-for-stm32.9-2020-q2-update.linux64_2.0.0.202105311346/tools/bin/../lib/gcc/arm-none-eabi/9.3.1/../../../../arm-none-eabi/lib/thumb/v7e-m+fp/hard/libm.a(lib_a-wf_pow.o) (__ieee754_powf)
/opt/st/stm32cubeide_1.7.0/plugins/com.st.stm32cube.ide.mcu.externaltools.gnu-tools-for-stm32.9-2020-q2-update.linux64_2.0.0.202105311346/tools/bin/../lib/gcc/arm-none-eabi/9.3.1/../../../../arm-none-eabi/lib/thumb/v7e-m+fp/hard/libm.a(lib_a-ef_sqrt.o)
                              /opt/st/stm32cubeide_1.7.0/plugins/com.st.stm32cube.ide.mcu.externaltools.gnu-tools-for-stm32.9-2020-q2-update.linux64_2.0.0.202105311346/tools/bin/../lib/gcc/arm-none-eabi/9.3.1/../../../../arm-none-eabi/lib/thumb/v7e-m+fp/hard/libm.a(lib_a-ef_pow.o) (__ieee754_sqrtf)
[...]
Memory Configuration

Name             Origin             Length             Attributes
FLASH            0x0000000008000000 0x0000000000100000 xr
RAM              0x0000000020000000 0x0000000000020000 xrw
CCMRAM           0x0000000010000000 0x0000000000010000 rw
*default*        0x0000000000000000 0xffffffffffffffff

Linker script and memory map

LOAD /opt/st/stm32cubeide_1.7.0/plugins/com.st.stm32cube.ide.mcu.externaltools.gnu-tools-for-stm32.9-2020-q2-update.linux64_2.0.0.202105311346/tools/bin/../lib/gcc/arm-none-eabi/9.3.1/thumb/v7e-m+fp/hard/crti.o
LOAD /opt/st/stm32cubeide_1.7.0/plugins/com.st.stm32cube.ide.mcu.externaltools.gnu-tools-for-stm32.9-2020-q2-update.linux64_2.0.0.202105311346/tools/bin/../lib/gcc/arm-none-eabi/9.3.1/thumb/v7e-m+fp/hard/crtbegin.o
LOAD /opt/st/stm32cubeide_1.7.0/plugins/com.st.stm32cube.ide.mcu.externaltools.gnu-tools-for-stm32.9-2020-q2-update.linux64_2.0.0.202105311346/tools/bin/../lib/gcc/arm-none-eabi/9.3.1/../../../../arm-none-eabi/lib/thumb/v7e-m+fp/hard/crt0.o
LOAD ./Drivers/BSP/Components/cs43l22.o
LOAD ./Drivers/BSP/Components/lis302dl.o
LOAD ./Drivers/BSP/Components/lis3dsh.o
LOAD ./Drivers/BSP/STM32F4-Discovery/stm32f4_discovery.o
LOAD ./Drivers/BSP/STM32F4-Discovery/stm32f4_discovery_accelerometer.o
LOAD ./Drivers/BSP/STM32F4-Discovery/stm32f4_discovery_audio.o
LOAD ./Drivers/CMSIS/system_stm32f4xx.o
LOAD ./Drivers/STM32F4xx_HAL_Driver/stm32f4xx_hal.o
LOAD ./Drivers/STM32F4xx_HAL_Driver/stm32f4xx_hal_cortex.o
LOAD ./Drivers/STM32F4xx_HAL_Driver/stm32f4xx_hal_dma.o
LOAD ./Drivers/STM32F4xx_HAL_Driver/stm32f4xx_hal_flash.o
LOAD ./Drivers/STM32F4xx_HAL_Driver/stm32f4xx_hal_flash_ex.o
LOAD ./Drivers/STM32F4xx_HAL_Driver/stm32f4xx_hal_gpio.o
LOAD ./Drivers/STM32F4xx_HAL_Driver/stm32f4xx_hal_i2c.o
LOAD ./Drivers/STM32F4xx_HAL_Driver/stm32f4xx_hal_i2c_ex.o
LOAD ./Drivers/STM32F4xx_HAL_Driver/stm32f4xx_hal_i2s.o
LOAD ./Drivers/STM32F4xx_HAL_Driver/stm32f4xx_hal_i2s_ex.o
LOAD ./Drivers/STM32F4xx_HAL_Driver/stm32f4xx_hal_pwr.o
LOAD ./Drivers/STM32F4xx_HAL_Driver/stm32f4xx_hal_pwr_ex.o
LOAD ./Drivers/STM32F4xx_HAL_Driver/stm32f4xx_hal_rcc.o
LOAD ./Drivers/STM32F4xx_HAL_Driver/stm32f4xx_hal_rcc_ex.o
LOAD ./Drivers/STM32F4xx_HAL_Driver/stm32f4xx_hal_spi.o
LOAD ./Example/SW4STM32/startup_stm32f407xx.o
LOAD ./Example/User/audio_play.o
LOAD ./Example/User/audio_record.o
LOAD ./Example/User/main.o
LOAD ./Example/User/mems.o
LOAD ./Example/User/stm32f4xx_it.o
LOAD ./syscalls.o
LOAD ../../../Middlewares/ST/STM32_Audio/Addons/PDM/Lib/libPDMFilter_CM4_GCC_wc32.a
START GROUP
LOAD /opt/st/stm32cubeide_1.7.0/plugins/com.st.stm32cube.ide.mcu.externaltools.gnu-tools-for-stm32.9-2020-q2-update.linux64_2.0.0.202105311346/tools/bin/../lib/gcc/arm-none-eabi/9.3.1/../../../../arm-none-eabi/lib/thumb/v7e-m+fp/hard/libc_nano.a
LOAD /opt/st/stm32cubeide_1.7.0/plugins/com.st.stm32cube.ide.mcu.externaltools.gnu-tools-for-stm32.9-2020-q2-update.linux64_2.0.0.202105311346/tools/bin/../lib/gcc/arm-none-eabi/9.3.1/../../../../arm-none-eabi/lib/thumb/v7e-m+fp/hard/libm.a
END GROUP
START GROUP
LOAD /opt/st/stm32cubeide_1.7.0/plugins/com.st.stm32cube.ide.mcu.externaltools.gnu-tools-for-stm32.9-2020-q2-update.linux64_2.0.0.202105311346/tools/bin/../lib/gcc/arm-none-eabi/9.3.1/thumb/v7e-m+fp/hard/libgcc.a
LOAD /opt/st/stm32cubeide_1.7.0/plugins/com.st.stm32cube.ide.mcu.externaltools.gnu-tools-for-stm32.9-2020-q2-update.linux64_2.0.0.202105311346/tools/bin/../lib/gcc/arm-none-eabi/9.3.1/../../../../arm-none-eabi/lib/thumb/v7e-m+fp/hard/libc_nano.a
END GROUP
START GROUP
LOAD /opt/st/stm32cubeide_1.7.0/plugins/com.st.stm32cube.ide.mcu.externaltools.gnu-tools-for-stm32.9-2020-q2-update.linux64_2.0.0.202105311346/tools/bin/../lib/gcc/arm-none-eabi/9.3.1/thumb/v7e-m+fp/hard/libgcc.a
LOAD /opt/st/stm32cubeide_1.7.0/plugins/com.st.stm32cube.ide.mcu.externaltools.gnu-tools-for-stm32.9-2020-q2-update.linux64_2.0.0.202105311346/tools/bin/../lib/gcc/arm-none-eabi/9.3.1/../../../../arm-none-eabi/lib/thumb/v7e-m+fp/hard/libc_nano.a
LOAD /opt/st/stm32cubeide_1.7.0/plugins/com.st.stm32cube.ide.mcu.externaltools.gnu-tools-for-stm32.9-2020-q2-update.linux64_2.0.0.202105311346/tools/bin/../lib/gcc/arm-none-eabi/9.3.1/../../../../arm-none-eabi/lib/thumb/v7e-m+fp/hard/libnosys.a
END GROUP
START GROUP
LOAD /opt/st/stm32cubeide_1.7.0/plugins/com.st.stm32cube.ide.mcu.externaltools.gnu-tools-for-stm32.9-2020-q2-update.linux64_2.0.0.202105311346/tools/bin/../lib/gcc/arm-none-eabi/9.3.1/thumb/v7e-m+fp/hard/libgcc.a
LOAD /opt/st/stm32cubeide_1.7.0/plugins/com.st.stm32cube.ide.mcu.externaltools.gnu-tools-for-stm32.9-2020-q2-update.linux64_2.0.0.202105311346/tools/bin/../lib/gcc/arm-none-eabi/9.3.1/../../../../arm-none-eabi/lib/thumb/v7e-m+fp/hard/libc_nano.a
LOAD /opt/st/stm32cubeide_1.7.0/plugins/com.st.stm32cube.ide.mcu.externaltools.gnu-tools-for-stm32.9-2020-q2-update.linux64_2.0.0.202105311346/tools/bin/../lib/gcc/arm-none-eabi/9.3.1/../../../../arm-none-eabi/lib/thumb/v7e-m+fp/hard/libnosys.a
END GROUP
LOAD /opt/st/stm32cubeide_1.7.0/plugins/com.st.stm32cube.ide.mcu.externaltools.gnu-tools-for-stm32.9-2020-q2-update.linux64_2.0.0.202105311346/tools/bin/../lib/gcc/arm-none-eabi/9.3.1/thumb/v7e-m+fp/hard/crtend.o
LOAD /opt/st/stm32cubeide_1.7.0/plugins/com.st.stm32cube.ide.mcu.externaltools.gnu-tools-for-stm32.9-2020-q2-update.linux64_2.0.0.202105311346/tools/bin/../lib/gcc/arm-none-eabi/9.3.1/thumb/v7e-m+fp/hard/crtn.o
                0x0000000020020000                _estack = 0x20020000
                0x0000000000000200                _Min_Heap_Size = 0x200
                0x0000000000000400                _Min_Stack_Size = 0x400

.isr_vector     0x0000000008000000      0x188
                0x0000000008000000                . = ALIGN (0x4)
 *(.isr_vector)
 .isr_vector    0x0000000008000000      0x188 ./Example/SW4STM32/startup_stm32f407xx.o
                0x0000000008000000                g_pfnVectors
                0x0000000008000188                . = ALIGN (0x4)

.text           0x0000000008000188     0x66dc
                0x0000000008000188                . = ALIGN (0x4)
 *(.text)
 .text          0x0000000008000188       0x40 /opt/st/stm32cubeide_1.7.0/plugins/com.st.stm32cube.ide.mcu.externaltools.gnu-tools-for-stm32.9-2020-q2-update.linux64_2.0.0.202105311346/tools/bin/../lib/gcc/arm-none-eabi/9.3.1/thumb/v7e-m+fp/hard/crtbegin.o
 .text          0x00000000080001c8       0x30 /opt/st/stm32cubeide_1.7.0/plugins/com.st.stm32cube.ide.mcu.externaltools.gnu-tools-for-stm32.9-2020-q2-update.linux64_2.0.0.202105311346/tools/bin/../lib/gcc/arm-none-eabi/9.3.1/thumb/v7e-m+fp/hard/libgcc.a(_aeabi_uldivmod.o)
                0x00000000080001c8                __aeabi_uldivmod
 .text          0x00000000080001f8      0x2c4 /opt/st/stm32cubeide_1.7.0/plugins/com.st.stm32cube.ide.mcu.externaltools.gnu-tools-for-stm32.9-2020-q2-update.linux64_2.0.0.202105311346/tools/bin/../lib/gcc/arm-none-eabi/9.3.1/thumb/v7e-m+fp/hard/libgcc.a(_udivmoddi4.o)
                0x00000000080001f8                __udivmoddi4
 .text          0x00000000080004bc        0x4 /opt/st/stm32cubeide_1.7.0/plugins/com.st.stm32cube.ide.mcu.externaltools.gnu-tools-for-stm32.9-2020-q2-update.linux64_2.0.0.202105311346/tools/bin/../lib/gcc/arm-none-eabi/9.3.1/thumb/v7e-m+fp/hard/libgcc.a(_dvmd_tls.o)
                0x00000000080004bc                __aeabi_ldiv0
                0x00000000080004bc                __aeabi_idiv0
 *(.text*)
 .text.cs43l22_SetFrequency
                0x00000000080004c0        0x4 ./Drivers/BSP/Components/cs43l22.o
                0x00000000080004c0                cs43l22_SetFrequency
 .text.cs43l22_Reset
                0x00000000080004c4        0x4 ./Drivers/BSP/Components/cs43l22.o
                0x00000000080004c4                cs43l22_Reset
 .text.cs43l22_SetVolume
                0x00000000080004c8       0x38 ./Drivers/BSP/Components/cs43l22.o
                0x00000000080004c8                cs43l22_SetVolume
 .text.cs43l22_Init
                0x0000000008000500       0xc8 ./Drivers/BSP/Components/cs43l22.o
                0x0000000008000500                cs43l22_Init
 .text.cs43l22_DeInit
                0x00000000080005c8        0x4 ./Drivers/BSP/Components/cs43l22.o
                0x00000000080005c8                cs43l22_DeInit
 .text.cs43l22_ReadID
                0x00000000080005cc       0x16 ./Drivers/BSP/Components/cs43l22.o
                0x00000000080005cc                cs43l22_ReadID
 .text.cs43l22_SetMute.part.0
                0x00000000080005e2       0x28 ./Drivers/BSP/Components/cs43l22.o
 *fill*         0x000000000800060a        0x2 
 .text.cs43l22_SetMute
                0x000000000800060c       0x3c ./Drivers/BSP/Components/cs43l22.o
                0x000000000800060c                cs43l22_SetMute
 .text.cs43l22_Resume
                0x0000000008000648       0x44 ./Drivers/BSP/Components/cs43l22.o
                0x0000000008000648                cs43l22_Resume
 .text.cs43l22_Pause
                0x000000000800068c       0x16 ./Drivers/BSP/Components/cs43l22.o
                0x000000000800068c                cs43l22_Pause
 *fill*         0x00000000080006a2        0x2 
 .text.cs43l22_Stop
                0x00000000080006a4       0x30 ./Drivers/BSP/Components/cs43l22.o
                0x00000000080006a4                cs43l22_Stop
 .text.cs43l22_Play
                0x00000000080006d4       0x3c ./Drivers/BSP/Components/cs43l22.o
                0x00000000080006d4                cs43l22_Play
 .text.cs43l22_SetOutputMode
                0x0000000008000710       0x4c ./Drivers/BSP/Components/cs43l22.o
                0x0000000008000710                cs43l22_SetOutputMode
 .text.LIS3DSH_DeInit
                0x000000000800075c        0x2 ./Drivers/BSP/Components/lis3dsh.o
                0x000000000800075c                LIS3DSH_DeInit
 .text.LIS3DSH_Init
                0x000000000800075e       0x34 ./Drivers/BSP/Components/lis3dsh.o
                0x000000000800075e                LIS3DSH_Init
 .text.LIS3DSH_ReadID
                0x0000000008000792       0x22 ./Drivers/BSP/Components/lis3dsh.o
                0x0000000008000792                LIS3DSH_ReadID
 .text.LIS3DSH_RebootCmd
                0x00000000080007b4       0x2c ./Drivers/BSP/Components/lis3dsh.o
                0x00000000080007b4                LIS3DSH_RebootCmd
 .text.LIS3DSH_ReadACC
                0x00000000080007e0       0x90 ./Drivers/BSP/Components/lis3dsh.o
                0x00000000080007e0                LIS3DSH_ReadACC
 .text.LIS3DSH_InterruptConfig
                0x0000000008000870       0x4e ./Drivers/BSP/Components/lis3dsh.o
                0x0000000008000870                LIS3DSH_InterruptConfig
 .text.LIS3DSH_Click_IntConfig
                0x00000000080008be       0xe0 ./Drivers/BSP/Components/lis3dsh.o
                0x00000000080008be                LIS3DSH_Click_IntConfig
 *fill*         0x000000000800099e        0x2 
 .text.SPIx_Init
                0x00000000080009a0       0x94 ./Drivers/BSP/STM32F4-Discovery/stm32f4_discovery.o
 .text.SPIx_WriteRead
                0x0000000008000a34       0x40 ./Drivers/BSP/STM32F4-Discovery/stm32f4_discovery.o
 .text.I2Cx_Init
                0x0000000008000a74       0xc0 ./Drivers/BSP/STM32F4-Discovery/stm32f4_discovery.o
 .text.BSP_LED_Init
                0x0000000008000b34       0xb0 ./Drivers/BSP/STM32F4-Discovery/stm32f4_discovery.o
                0x0000000008000b34                BSP_LED_Init
 .text.BSP_LED_On
                0x0000000008000be4       0x1c ./Drivers/BSP/STM32F4-Discovery/stm32f4_discovery.o
                0x0000000008000be4                BSP_LED_On
 .text.BSP_LED_Off
                0x0000000008000c00       0x1c ./Drivers/BSP/STM32F4-Discovery/stm32f4_discovery.o
                0x0000000008000c00                BSP_LED_Off
 .text.BSP_LED_Toggle
                0x0000000008000c1c       0x1c ./Drivers/BSP/STM32F4-Discovery/stm32f4_discovery.o
                0x0000000008000c1c                BSP_LED_Toggle
 .text.BSP_PB_Init
                0x0000000008000c38       0x78 ./Drivers/BSP/STM32F4-Discovery/stm32f4_discovery.o
                0x0000000008000c38                BSP_PB_Init
 .text.BSP_PB_GetState
                0x0000000008000cb0       0x18 ./Drivers/BSP/STM32F4-Discovery/stm32f4_discovery.o
                0x0000000008000cb0                BSP_PB_GetState
 .text.ACCELERO_IO_Init
                0x0000000008000cc8       0x4c ./Drivers/BSP/STM32F4-Discovery/stm32f4_discovery.o
                0x0000000008000cc8                ACCELERO_IO_Init
 .text.ACCELERO_IO_ITConfig
                0x0000000008000d14       0x50 ./Drivers/BSP/STM32F4-Discovery/stm32f4_discovery.o
                0x0000000008000d14                ACCELERO_IO_ITConfig
 .text.ACCELERO_IO_Write
                0x0000000008000d64       0x44 ./Drivers/BSP/STM32F4-Discovery/stm32f4_discovery.o
                0x0000000008000d64                ACCELERO_IO_Write
 .text.ACCELERO_IO_Read
                0x0000000008000da8       0x48 ./Drivers/BSP/STM32F4-Discovery/stm32f4_discovery.o
                0x0000000008000da8                ACCELERO_IO_Read
 .text.AUDIO_IO_Init
                0x0000000008000df0       0x64 ./Drivers/BSP/STM32F4-Discovery/stm32f4_discovery.o
                0x0000000008000df0                AUDIO_IO_Init
 .text.AUDIO_IO_DeInit
                0x0000000008000e54        0x2 ./Drivers/BSP/STM32F4-Discovery/stm32f4_discovery.o
                0x0000000008000e54                AUDIO_IO_DeInit
 *fill*         0x0000000008000e56        0x2 
 .text.AUDIO_IO_Write
                0x0000000008000e58       0x3c ./Drivers/BSP/STM32F4-Discovery/stm32f4_discovery.o
                0x0000000008000e58                AUDIO_IO_Write
 .text.AUDIO_IO_Read
                0x0000000008000e94       0x40 ./Drivers/BSP/STM32F4-Discovery/stm32f4_discovery.o
                0x0000000008000e94                AUDIO_IO_Read
 .text.BSP_ACCELERO_Init
                0x0000000008000ed4       0x28 ./Drivers/BSP/STM32F4-Discovery/stm32f4_discovery_accelerometer.o
                0x0000000008000ed4                BSP_ACCELERO_Init
 .text.BSP_ACCELERO_ReadID
                0x0000000008000efc       0x10 ./Drivers/BSP/STM32F4-Discovery/stm32f4_discovery_accelerometer.o
                0x0000000008000efc                BSP_ACCELERO_ReadID
 .text.BSP_ACCELERO_Click_ITConfig
                0x0000000008000f0c       0x10 ./Drivers/BSP/STM32F4-Discovery/stm32f4_discovery_accelerometer.o
                0x0000000008000f0c                BSP_ACCELERO_Click_ITConfig
 .text.BSP_ACCELERO_Click_ITClear
                0x0000000008000f1c       0x10 ./Drivers/BSP/STM32F4-Discovery/stm32f4_discovery_accelerometer.o
                0x0000000008000f1c                BSP_ACCELERO_Click_ITClear
 .text.BSP_ACCELERO_GetXYZ
                0x0000000008000f2c       0x10 ./Drivers/BSP/STM32F4-Discovery/stm32f4_discovery_accelerometer.o
                0x0000000008000f2c                BSP_ACCELERO_GetXYZ
 .text.I2S3_Init
                0x0000000008000f3c       0x3c ./Drivers/BSP/STM32F4-Discovery/stm32f4_discovery_audio.o
 .text.BSP_AUDIO_OUT_Play
                0x0000000008000f78       0x3c ./Drivers/BSP/STM32F4-Discovery/stm32f4_discovery_audio.o
                0x0000000008000f78                BSP_AUDIO_OUT_Play
 .text.BSP_AUDIO_OUT_ChangeBuffer
                0x0000000008000fb4       0x10 ./Drivers/BSP/STM32F4-Discovery/stm32f4_discovery_audio.o
                0x0000000008000fb4                BSP_AUDIO_OUT_ChangeBuffer
 .text.BSP_AUDIO_OUT_Pause
                0x0000000008000fc4       0x28 ./Drivers/BSP/STM32F4-Discovery/stm32f4_discovery_audio.o
                0x0000000008000fc4                BSP_AUDIO_OUT_Pause
 .text.BSP_AUDIO_OUT_Resume
                0x0000000008000fec       0x28 ./Drivers/BSP/STM32F4-Discovery/stm32f4_discovery_audio.o
                0x0000000008000fec                BSP_AUDIO_OUT_Resume
 .text.BSP_AUDIO_OUT_Stop
                0x0000000008001014       0x44 ./Drivers/BSP/STM32F4-Discovery/stm32f4_discovery_audio.o
                0x0000000008001014                BSP_AUDIO_OUT_Stop
 .text.BSP_AUDIO_OUT_ClockConfig
                0x0000000008001058       0x50 ./Drivers/BSP/STM32F4-Discovery/stm32f4_discovery_audio.o
                0x0000000008001058                BSP_AUDIO_OUT_ClockConfig
 .text.BSP_AUDIO_OUT_MspInit
                0x00000000080010a8      0x11c ./Drivers/BSP/STM32F4-Discovery/stm32f4_discovery_audio.o
                0x00000000080010a8                BSP_AUDIO_OUT_MspInit
 .text.BSP_AUDIO_OUT_Init
                0x00000000080011c4       0x78 ./Drivers/BSP/STM32F4-Discovery/stm32f4_discovery_audio.o
                0x00000000080011c4                BSP_AUDIO_OUT_Init
 .text.HAL_I2S_TxCpltCallback
                0x000000000800123c       0x14 ./Drivers/BSP/STM32F4-Discovery/stm32f4_discovery_audio.o
                0x000000000800123c                HAL_I2S_TxCpltCallback
 .text.BSP_AUDIO_OUT_HalfTransfer_CallBack
                0x0000000008001250        0x2 ./Drivers/BSP/STM32F4-Discovery/stm32f4_discovery_audio.o
                0x0000000008001250                BSP_AUDIO_OUT_HalfTransfer_CallBack
 *fill*         0x0000000008001252        0x2 
 .text.HAL_I2S_TxHalfCpltCallback
                0x0000000008001254       0x14 ./Drivers/BSP/STM32F4-Discovery/stm32f4_discovery_audio.o
                0x0000000008001254                HAL_I2S_TxHalfCpltCallback
 .text.BSP_AUDIO_IN_Record
                0x0000000008001268       0x14 ./Drivers/BSP/STM32F4-Discovery/stm32f4_discovery_audio.o
                0x0000000008001268                BSP_AUDIO_IN_Record
 .text.BSP_AUDIO_IN_Stop
                0x000000000800127c       0x10 ./Drivers/BSP/STM32F4-Discovery/stm32f4_discovery_audio.o
                0x000000000800127c                BSP_AUDIO_IN_Stop
 .text.BSP_AUDIO_IN_PDMToPCM
                0x000000000800128c       0x48 ./Drivers/BSP/STM32F4-Discovery/stm32f4_discovery_audio.o
                0x000000000800128c                BSP_AUDIO_IN_PDMToPCM
 .text.BSP_AUDIO_IN_ClockConfig
                0x00000000080012d4       0x30 ./Drivers/BSP/STM32F4-Discovery/stm32f4_discovery_audio.o
                0x00000000080012d4                BSP_AUDIO_IN_ClockConfig
 .text.BSP_AUDIO_IN_MspInit
                0x0000000008001304      0x10c ./Drivers/BSP/STM32F4-Discovery/stm32f4_discovery_audio.o
                0x0000000008001304                BSP_AUDIO_IN_MspInit
 .text.BSP_AUDIO_IN_Init
                0x0000000008001410       0xdc ./Drivers/BSP/STM32F4-Discovery/stm32f4_discovery_audio.o
                0x0000000008001410                BSP_AUDIO_IN_Init
 .text.HAL_I2S_RxCpltCallback
                0x00000000080014ec        0x8 ./Drivers/BSP/STM32F4-Discovery/stm32f4_discovery_audio.o
                0x00000000080014ec                HAL_I2S_RxCpltCallback
 .text.HAL_I2S_RxHalfCpltCallback
                0x00000000080014f4        0x8 ./Drivers/BSP/STM32F4-Discovery/stm32f4_discovery_audio.o
                0x00000000080014f4                HAL_I2S_RxHalfCpltCallback
 .text.HAL_I2S_ErrorCallback
                0x00000000080014fc       0x28 ./Drivers/BSP/STM32F4-Discovery/stm32f4_discovery_audio.o
                0x00000000080014fc                HAL_I2S_ErrorCallback
 .text.SystemInit
                0x0000000008001524       0x4c ./Drivers/CMSIS/system_stm32f4xx.o
                0x0000000008001524                SystemInit
 .text.HAL_MspInit
                0x0000000008001570        0x2 ./Drivers/STM32F4xx_HAL_Driver/stm32f4xx_hal.o
                0x0000000008001570                HAL_MspInit
 *fill*         0x0000000008001572        0x2 
 .text.HAL_InitTick
                0x0000000008001574       0x44 ./Drivers/STM32F4xx_HAL_Driver/stm32f4xx_hal.o
                0x0000000008001574                HAL_InitTick
 .text.HAL_Init
                0x00000000080015b8       0x2c ./Drivers/STM32F4xx_HAL_Driver/stm32f4xx_hal.o
                0x00000000080015b8                HAL_Init
 .text.HAL_IncTick
                0x00000000080015e4       0x18 ./Drivers/STM32F4xx_HAL_Driver/stm32f4xx_hal.o
                0x00000000080015e4                HAL_IncTick
 .text.HAL_GetTick
                0x00000000080015fc        0xc ./Drivers/STM32F4xx_HAL_Driver/stm32f4xx_hal.o
                0x00000000080015fc                HAL_GetTick
 .text.HAL_Delay
                0x0000000008001608       0x28 ./Drivers/STM32F4xx_HAL_Driver/stm32f4xx_hal.o
                0x0000000008001608                HAL_Delay
 .text.HAL_GetREVID
                0x0000000008001630        0xc ./Drivers/STM32F4xx_HAL_Driver/stm32f4xx_hal.o
                0x0000000008001630                HAL_GetREVID
 .text.HAL_NVIC_SetPriorityGrouping
                0x000000000800163c       0x24 ./Drivers/STM32F4xx_HAL_Driver/stm32f4xx_hal_cortex.o
                0x000000000800163c                HAL_NVIC_SetPriorityGrouping
 .text.HAL_NVIC_SetPriority
                0x0000000008001660       0x64 ./Drivers/STM32F4xx_HAL_Driver/stm32f4xx_hal_cortex.o
                0x0000000008001660                HAL_NVIC_SetPriority
 .text.HAL_NVIC_EnableIRQ
                0x00000000080016c4       0x1c ./Drivers/STM32F4xx_HAL_Driver/stm32f4xx_hal_cortex.o
                0x00000000080016c4                HAL_NVIC_EnableIRQ
 .text.HAL_SYSTICK_Config
                0x00000000080016e0       0x2c ./Drivers/STM32F4xx_HAL_Driver/stm32f4xx_hal_cortex.o
                0x00000000080016e0                HAL_SYSTICK_Config
 .text.DMA_CalcBaseAndBitshift
                0x000000000800170c       0x2c ./Drivers/STM32F4xx_HAL_Driver/stm32f4xx_hal_dma.o
 .text.HAL_DMA_Init
                0x0000000008001738      0x100 ./Drivers/STM32F4xx_HAL_Driver/stm32f4xx_hal_dma.o
                0x0000000008001738                HAL_DMA_Init
 .text.HAL_DMA_DeInit
                0x0000000008001838       0x54 ./Drivers/STM32F4xx_HAL_Driver/stm32f4xx_hal_dma.o
                0x0000000008001838                HAL_DMA_DeInit
 .text.HAL_DMA_Start_IT
                0x000000000800188c       0x74 ./Drivers/STM32F4xx_HAL_Driver/stm32f4xx_hal_dma.o
                0x000000000800188c                HAL_DMA_Start_IT
 .text.HAL_DMA_Abort
                0x0000000008001900       0x88 ./Drivers/STM32F4xx_HAL_Driver/stm32f4xx_hal_dma.o
                0x0000000008001900                HAL_DMA_Abort
 .text.HAL_DMA_IRQHandler
                0x0000000008001988      0x17c ./Drivers/STM32F4xx_HAL_Driver/stm32f4xx_hal_dma.o
                0x0000000008001988                HAL_DMA_IRQHandler
 .text.HAL_GPIO_Init
                0x0000000008001b04      0x1b4 ./Drivers/STM32F4xx_HAL_Driver/stm32f4xx_hal_gpio.o
                0x0000000008001b04                HAL_GPIO_Init
 .text.HAL_GPIO_ReadPin
                0x0000000008001cb8        0xc ./Drivers/STM32F4xx_HAL_Driver/stm32f4xx_hal_gpio.o
                0x0000000008001cb8                HAL_GPIO_ReadPin
 .text.HAL_GPIO_WritePin
                0x0000000008001cc4        0xa ./Drivers/STM32F4xx_HAL_Driver/stm32f4xx_hal_gpio.o
                0x0000000008001cc4                HAL_GPIO_WritePin
 .text.HAL_GPIO_TogglePin
                0x0000000008001cce       0x12 ./Drivers/STM32F4xx_HAL_Driver/stm32f4xx_hal_gpio.o
                0x0000000008001cce                HAL_GPIO_TogglePin
 .text.HAL_GPIO_EXTI_IRQHandler
                0x0000000008001ce0       0x18 ./Drivers/STM32F4xx_HAL_Driver/stm32f4xx_hal_gpio.o
                0x0000000008001ce0                HAL_GPIO_EXTI_IRQHandler
 .text.I2C_IsAcknowledgeFailed
                0x0000000008001cf8       0x34 ./Drivers/STM32F4xx_HAL_Driver/stm32f4xx_hal_i2c.o
 .text.I2C_WaitOnMasterAddressFlagUntilTimeout
                0x0000000008001d2c       0x76 ./Drivers/STM32F4xx_HAL_Driver/stm32f4xx_hal_i2c.o
 .text.I2C_WaitOnBTFFlagUntilTimeout
                0x0000000008001da2       0x4c ./Drivers/STM32F4xx_HAL_Driver/stm32f4xx_hal_i2c.o
 .text.I2C_WaitOnRXNEFlagUntilTimeout
                0x0000000008001dee       0x5e ./Drivers/STM32F4xx_HAL_Driver/stm32f4xx_hal_i2c.o
 .text.I2C_WaitOnFlagUntilTimeout
                0x0000000008001e4c       0x64 ./Drivers/STM32F4xx_HAL_Driver/stm32f4xx_hal_i2c.o
 .text.I2C_WaitOnTXEFlagUntilTimeout
                0x0000000008001eb0       0x4c ./Drivers/STM32F4xx_HAL_Driver/stm32f4xx_hal_i2c.o
 .text.I2C_RequestMemoryWrite
                0x0000000008001efc       0xb0 ./Drivers/STM32F4xx_HAL_Driver/stm32f4xx_hal_i2c.o
 .text.I2C_RequestMemoryRead
                0x0000000008001fac      0x104 ./Drivers/STM32F4xx_HAL_Driver/stm32f4xx_hal_i2c.o
 .text.HAL_I2C_MspInit
                0x00000000080020b0        0x2 ./Drivers/STM32F4xx_HAL_Driver/stm32f4xx_hal_i2c.o
                0x00000000080020b0                HAL_I2C_MspInit
 *fill*         0x00000000080020b2        0x2 
 .text.HAL_I2C_Init
                0x00000000080020b4      0x150 ./Drivers/STM32F4xx_HAL_Driver/stm32f4xx_hal_i2c.o
                0x00000000080020b4                HAL_I2C_Init
 .text.HAL_I2C_MspDeInit
                0x0000000008002204        0x2 ./Drivers/STM32F4xx_HAL_Driver/stm32f4xx_hal_i2c.o
                0x0000000008002204                HAL_I2C_MspDeInit
 .text.HAL_I2C_DeInit
                0x0000000008002206       0x32 ./Drivers/STM32F4xx_HAL_Driver/stm32f4xx_hal_i2c.o
                0x0000000008002206                HAL_I2C_DeInit
 .text.HAL_I2C_Mem_Write
                0x0000000008002238      0x120 ./Drivers/STM32F4xx_HAL_Driver/stm32f4xx_hal_i2c.o
                0x0000000008002238                HAL_I2C_Mem_Write
 .text.HAL_I2C_Mem_Read
                0x0000000008002358      0x210 ./Drivers/STM32F4xx_HAL_Driver/stm32f4xx_hal_i2c.o
                0x0000000008002358                HAL_I2C_Mem_Read
 .text.HAL_I2C_GetState
                0x0000000008002568        0x6 ./Drivers/STM32F4xx_HAL_Driver/stm32f4xx_hal_i2c.o
                0x0000000008002568                HAL_I2C_GetState
 .text.I2S_WaitFlagStateUntilTimeout
                0x000000000800256e       0x4a ./Drivers/STM32F4xx_HAL_Driver/stm32f4xx_hal_i2s.o
 .text.HAL_I2S_MspInit
                0x00000000080025b8        0x2 ./Drivers/STM32F4xx_HAL_Driver/stm32f4xx_hal_i2s.o
                0x00000000080025b8                HAL_I2S_MspInit
 *fill*         0x00000000080025ba        0x2 
 .text.HAL_I2S_Init
                0x00000000080025bc      0x134 ./Drivers/STM32F4xx_HAL_Driver/stm32f4xx_hal_i2s.o
                0x00000000080025bc                HAL_I2S_Init
 .text.HAL_I2S_Transmit_DMA
                0x00000000080026f0       0xc8 ./Drivers/STM32F4xx_HAL_Driver/stm32f4xx_hal_i2s.o
                0x00000000080026f0                HAL_I2S_Transmit_DMA
 .text.HAL_I2S_Receive_DMA
                0x00000000080027b8       0xe0 ./Drivers/STM32F4xx_HAL_Driver/stm32f4xx_hal_i2s.o
                0x00000000080027b8                HAL_I2S_Receive_DMA
 .text.HAL_I2S_DMAPause
                0x0000000008002898       0x70 ./Drivers/STM32F4xx_HAL_Driver/stm32f4xx_hal_i2s.o
                0x0000000008002898                HAL_I2S_DMAPause
 .text.HAL_I2S_DMAResume
                0x0000000008002908       0x88 ./Drivers/STM32F4xx_HAL_Driver/stm32f4xx_hal_i2s.o
                0x0000000008002908                HAL_I2S_DMAResume
 .text.HAL_I2S_DMAStop
                0x0000000008002990      0x1ec ./Drivers/STM32F4xx_HAL_Driver/stm32f4xx_hal_i2s.o
                0x0000000008002990                HAL_I2S_DMAStop
 .text.I2S_DMATxHalfCplt
                0x0000000008002b7c        0xa ./Drivers/STM32F4xx_HAL_Driver/stm32f4xx_hal_i2s.o
 .text.I2S_DMATxCplt
                0x0000000008002b86       0x22 ./Drivers/STM32F4xx_HAL_Driver/stm32f4xx_hal_i2s.o
 .text.I2S_DMARxHalfCplt
                0x0000000008002ba8        0xa ./Drivers/STM32F4xx_HAL_Driver/stm32f4xx_hal_i2s.o
 .text.I2S_DMARxCplt
                0x0000000008002bb2       0x22 ./Drivers/STM32F4xx_HAL_Driver/stm32f4xx_hal_i2s.o
 .text.I2S_IRQHandler
                0x0000000008002bd4       0xfa ./Drivers/STM32F4xx_HAL_Driver/stm32f4xx_hal_i2s.o
 .text.I2S_DMAError
                0x0000000008002cce       0x28 ./Drivers/STM32F4xx_HAL_Driver/stm32f4xx_hal_i2s.o
 .text.HAL_I2S_GetState
                0x0000000008002cf6        0x6 ./Drivers/STM32F4xx_HAL_Driver/stm32f4xx_hal_i2s.o
                0x0000000008002cf6                HAL_I2S_GetState
 .text.HAL_I2SEx_TxRxCpltCallback
                0x0000000008002cfc        0x2 ./Drivers/STM32F4xx_HAL_Driver/stm32f4xx_hal_i2s_ex.o
                0x0000000008002cfc                HAL_I2SEx_TxRxCpltCallback
 *fill*         0x0000000008002cfe        0x2 
 .text.HAL_I2SEx_FullDuplex_IRQHandler
                0x0000000008002d00      0x248 ./Drivers/STM32F4xx_HAL_Driver/stm32f4xx_hal_i2s_ex.o
                0x0000000008002d00                HAL_I2SEx_FullDuplex_IRQHandler
 .text.HAL_RCC_OscConfig
                0x0000000008002f48      0x358 ./Drivers/STM32F4xx_HAL_Driver/stm32f4xx_hal_rcc.o
                0x0000000008002f48                HAL_RCC_OscConfig
 .text.HAL_RCC_GetSysClockFreq
                0x00000000080032a0       0x5c ./Drivers/STM32F4xx_HAL_Driver/stm32f4xx_hal_rcc.o
                0x00000000080032a0                HAL_RCC_GetSysClockFreq
 .text.HAL_RCC_ClockConfig
                0x00000000080032fc      0x138 ./Drivers/STM32F4xx_HAL_Driver/stm32f4xx_hal_rcc.o
                0x00000000080032fc                HAL_RCC_ClockConfig
 .text.HAL_RCC_GetPCLK1Freq
                0x0000000008003434       0x20 ./Drivers/STM32F4xx_HAL_Driver/stm32f4xx_hal_rcc.o
                0x0000000008003434                HAL_RCC_GetPCLK1Freq
 .text.HAL_RCCEx_PeriphCLKConfig
                0x0000000008003454      0x130 ./Drivers/STM32F4xx_HAL_Driver/stm32f4xx_hal_rcc_ex.o
                0x0000000008003454                HAL_RCCEx_PeriphCLKConfig
 .text.HAL_RCCEx_GetPeriphCLKConfig
                0x0000000008003584       0x30 ./Drivers/STM32F4xx_HAL_Driver/stm32f4xx_hal_rcc_ex.o
                0x0000000008003584                HAL_RCCEx_GetPeriphCLKConfig
 .text.HAL_RCCEx_GetPeriphCLKFreq
                0x00000000080035b4       0x4c ./Drivers/STM32F4xx_HAL_Driver/stm32f4xx_hal_rcc_ex.o
                0x00000000080035b4                HAL_RCCEx_GetPeriphCLKFreq
 .text.SPI_WaitFlagStateUntilTimeout
                0x0000000008003600       0xb8 ./Drivers/STM32F4xx_HAL_Driver/stm32f4xx_hal_spi.o
 .text.SPI_EndRxTxTransaction
                0x00000000080036b8       0x5c ./Drivers/STM32F4xx_HAL_Driver/stm32f4xx_hal_spi.o
 .text.HAL_SPI_MspInit
                0x0000000008003714        0x2 ./Drivers/STM32F4xx_HAL_Driver/stm32f4xx_hal_spi.o
                0x0000000008003714                HAL_SPI_MspInit
 .text.HAL_SPI_Init
                0x0000000008003716       0xc2 ./Drivers/STM32F4xx_HAL_Driver/stm32f4xx_hal_spi.o
                0x0000000008003716                HAL_SPI_Init
 .text.HAL_SPI_MspDeInit
                0x00000000080037d8        0x2 ./Drivers/STM32F4xx_HAL_Driver/stm32f4xx_hal_spi.o
                0x00000000080037d8                HAL_SPI_MspDeInit
 .text.HAL_SPI_DeInit
                0x00000000080037da       0x2c ./Drivers/STM32F4xx_HAL_Driver/stm32f4xx_hal_spi.o
                0x00000000080037da                HAL_SPI_DeInit
 .text.HAL_SPI_TransmitReceive
                0x0000000008003806      0x288 ./Drivers/STM32F4xx_HAL_Driver/stm32f4xx_hal_spi.o
                0x0000000008003806                HAL_SPI_TransmitReceive
 .text.HAL_SPI_GetState
                0x0000000008003a8e        0x6 ./Drivers/STM32F4xx_HAL_Driver/stm32f4xx_hal_spi.o
                0x0000000008003a8e                HAL_SPI_GetState
 .text.Reset_Handler
                0x0000000008003a94       0x50 ./Example/SW4STM32/startup_stm32f407xx.o
                0x0000000008003a94                Reset_Handler
 .text.Default_Handler
                0x0000000008003ae4        0x2 ./Example/SW4STM32/startup_stm32f407xx.o
                0x0000000008003ae4                RTC_Alarm_IRQHandler
                0x0000000008003ae4                HASH_RNG_IRQHandler
                0x0000000008003ae4                EXTI2_IRQHandler
                0x0000000008003ae4                TIM8_CC_IRQHandler
                0x0000000008003ae4                TIM1_CC_IRQHandler
                0x0000000008003ae4                DMA2_Stream5_IRQHandler
                0x0000000008003ae4                DMA1_Stream5_IRQHandler
                0x0000000008003ae4                PVD_IRQHandler
                0x0000000008003ae4                SDIO_IRQHandler
                0x0000000008003ae4                TAMP_STAMP_IRQHandler
                0x0000000008003ae4                CAN2_RX1_IRQHandler
                0x0000000008003ae4                EXTI3_IRQHandler
                0x0000000008003ae4                TIM8_TRG_COM_TIM14_IRQHandler
                0x0000000008003ae4                TIM1_UP_TIM10_IRQHandler
                0x0000000008003ae4                TIM8_UP_TIM13_IRQHandler
                0x0000000008003ae4                I2C3_ER_IRQHandler
                0x0000000008003ae4                I2C2_EV_IRQHandler
                0x0000000008003ae4                DMA1_Stream2_IRQHandler
                0x0000000008003ae4                CAN1_RX0_IRQHandler
                0x0000000008003ae4                FPU_IRQHandler
                0x0000000008003ae4                OTG_HS_WKUP_IRQHandler
                0x0000000008003ae4                CAN2_SCE_IRQHandler
                0x0000000008003ae4                DMA2_Stream2_IRQHandler
                0x0000000008003ae4                SPI1_IRQHandler
                0x0000000008003ae4                TIM6_DAC_IRQHandler
                0x0000000008003ae4                TIM1_BRK_TIM9_IRQHandler
                0x0000000008003ae4                DCMI_IRQHandler
                0x0000000008003ae4                CAN2_RX0_IRQHandler
                0x0000000008003ae4                DMA2_Stream3_IRQHandler
                0x0000000008003ae4                USART6_IRQHandler
                0x0000000008003ae4                USART3_IRQHandler
                0x0000000008003ae4                CAN1_RX1_IRQHandler
                0x0000000008003ae4                UART5_IRQHandler
                0x0000000008003ae4                DMA2_Stream0_IRQHandler
                0x0000000008003ae4                TIM4_IRQHandler
                0x0000000008003ae4                I2C1_EV_IRQHandler
                0x0000000008003ae4                DMA1_Stream6_IRQHandler
                0x0000000008003ae4                DMA1_Stream1_IRQHandler
                0x0000000008003ae4                UART4_IRQHandler
                0x0000000008003ae4                TIM3_IRQHandler
                0x0000000008003ae4                RCC_IRQHandler
                0x0000000008003ae4                TIM8_BRK_TIM12_IRQHandler
                0x0000000008003ae4                Default_Handler
                0x0000000008003ae4                EXTI15_10_IRQHandler
                0x0000000008003ae4                ADC_IRQHandler
                0x0000000008003ae4                TIM7_IRQHandler
                0x0000000008003ae4                CAN2_TX_IRQHandler
                0x0000000008003ae4                TIM5_IRQHandler
                0x0000000008003ae4                DMA2_Stream7_IRQHandler
                0x0000000008003ae4                I2C3_EV_IRQHandler
                0x0000000008003ae4                EXTI9_5_IRQHandler
                0x0000000008003ae4                RTC_WKUP_IRQHandler
                0x0000000008003ae4                ETH_WKUP_IRQHandler
                0x0000000008003ae4                SPI2_IRQHandler
                0x0000000008003ae4                OTG_HS_EP1_IN_IRQHandler
                0x0000000008003ae4                DMA1_Stream0_IRQHandler
                0x0000000008003ae4                CAN1_TX_IRQHandler
                0x0000000008003ae4                EXTI4_IRQHandler
                0x0000000008003ae4                FSMC_IRQHandler
                0x0000000008003ae4                ETH_IRQHandler
                0x0000000008003ae4                OTG_HS_EP1_OUT_IRQHandler
                0x0000000008003ae4                WWDG_IRQHandler
                0x0000000008003ae4                TIM2_IRQHandler
                0x0000000008003ae4                OTG_FS_WKUP_IRQHandler
                0x0000000008003ae4                TIM1_TRG_COM_TIM11_IRQHandler
                0x0000000008003ae4                OTG_HS_IRQHandler
                0x0000000008003ae4                USART2_IRQHandler
                0x0000000008003ae4                I2C2_ER_IRQHandler
                0x0000000008003ae4                DMA2_Stream1_IRQHandler
                0x0000000008003ae4                CAN1_SCE_IRQHandler
                0x0000000008003ae4                FLASH_IRQHandler
                0x0000000008003ae4                DMA2_Stream4_IRQHandler
                0x0000000008003ae4                USART1_IRQHandler
                0x0000000008003ae4                OTG_FS_IRQHandler
                0x0000000008003ae4                SPI3_IRQHandler
                0x0000000008003ae4                DMA1_Stream4_IRQHandler
                0x0000000008003ae4                I2C1_ER_IRQHandler
                0x0000000008003ae4                DMA2_Stream6_IRQHandler
 *fill*         0x0000000008003ae6        0x2 
 .text.AudioPlay_Test
                0x0000000008003ae8       0xe0 ./Example/User/audio_play.o
                0x0000000008003ae8                AudioPlay_Test
 .text.BSP_AUDIO_OUT_TransferComplete_CallBack
                0x0000000008003bc8       0xb0 ./Example/User/audio_play.o
                0x0000000008003bc8                BSP_AUDIO_OUT_TransferComplete_CallBack
 .text.BSP_AUDIO_OUT_Error_CallBack
                0x0000000008003c78        0x4 ./Example/User/audio_play.o
                0x0000000008003c78                BSP_AUDIO_OUT_Error_CallBack
 .text.AudioRecord_Test
                0x0000000008003c7c      0x1b0 ./Example/User/audio_record.o
                0x0000000008003c7c                AudioRecord_Test
 .text.BSP_AUDIO_IN_TransferComplete_CallBack
                0x0000000008003e2c        0xc ./Example/User/audio_record.o
                0x0000000008003e2c                BSP_AUDIO_IN_TransferComplete_CallBack
 .text.BSP_AUDIO_IN_HalfTransfer_CallBack
                0x0000000008003e38        0xc ./Example/User/audio_record.o
                0x0000000008003e38                BSP_AUDIO_IN_HalfTransfer_CallBack
 .text.BSP_AUDIO_IN_Error_Callback
                0x0000000008003e44        0x4 ./Example/User/audio_record.o
                0x0000000008003e44                BSP_AUDIO_IN_Error_Callback
 .text.HAL_GPIO_EXTI_Callback
                0x0000000008003e48       0x44 ./Example/User/main.o
                0x0000000008003e48                HAL_GPIO_EXTI_Callback
 .text.Toggle_Leds
                0x0000000008003e8c       0x36 ./Example/User/main.o
                0x0000000008003e8c                Toggle_Leds
 *fill*         0x0000000008003ec2        0x2 
 .text.startup.main
                0x0000000008003ec4      0x118 ./Example/User/main.o
                0x0000000008003ec4                main
 .text.Error_Handler
                0x0000000008003fdc        0xa ./Example/User/main.o
                0x0000000008003fdc                Error_Handler
 *fill*         0x0000000008003fe6        0x2 
 .text.ACCELERO_MEMS_Test
                0x0000000008003fe8       0xa8 ./Example/User/mems.o
                0x0000000008003fe8                ACCELERO_MEMS_Test
 .text.NMI_Handler
                0x0000000008004090        0x2 ./Example/User/stm32f4xx_it.o
                0x0000000008004090                NMI_Handler
 .text.HardFault_Handler
                0x0000000008004092        0x2 ./Example/User/stm32f4xx_it.o
                0x0000000008004092                HardFault_Handler
 .text.MemManage_Handler
                0x0000000008004094        0x2 ./Example/User/stm32f4xx_it.o
                0x0000000008004094                MemManage_Handler
 .text.BusFault_Handler
                0x0000000008004096        0x2 ./Example/User/stm32f4xx_it.o
                0x0000000008004096                BusFault_Handler
 .text.UsageFault_Handler
                0x0000000008004098        0x2 ./Example/User/stm32f4xx_it.o
                0x0000000008004098                UsageFault_Handler
 .text.SVC_Handler
                0x000000000800409a        0x2 ./Example/User/stm32f4xx_it.o
                0x000000000800409a                SVC_Handler
 .text.DebugMon_Handler
                0x000000000800409c        0x2 ./Example/User/stm32f4xx_it.o
                0x000000000800409c                DebugMon_Handler
 .text.PendSV_Handler
                0x000000000800409e        0x2 ./Example/User/stm32f4xx_it.o
                0x000000000800409e                PendSV_Handler
 .text.SysTick_Handler
                0x00000000080040a0        0x4 ./Example/User/stm32f4xx_it.o
                0x00000000080040a0                SysTick_Handler
 .text.EXTI0_IRQHandler
                0x00000000080040a4        0x6 ./Example/User/stm32f4xx_it.o
                0x00000000080040a4                EXTI0_IRQHandler
 .text.EXTI1_IRQHandler
                0x00000000080040aa        0x6 ./Example/User/stm32f4xx_it.o
                0x00000000080040aa                EXTI1_IRQHandler
 .text.DMA1_Stream7_IRQHandler
                0x00000000080040b0        0xc ./Example/User/stm32f4xx_it.o
                0x00000000080040b0                DMA1_Stream7_IRQHandler
 .text.DMA1_Stream3_IRQHandler
                0x00000000080040bc        0xc ./Example/User/stm32f4xx_it.o
                0x00000000080040bc                DMA1_Stream3_IRQHandler
 .text.D16_GENERIC
                0x00000000080040c8      0x120 ../../../Middlewares/ST/STM32_Audio/Addons/PDM/Lib/libPDMFilter_CM4_GCC_wc32.a(pdm_filter.o)
 .text.D24_GENERIC
                0x00000000080041e8      0x190 ../../../Middlewares/ST/STM32_Audio/Addons/PDM/Lib/libPDMFilter_CM4_GCC_wc32.a(pdm_filter.o)
 .text.D32_GENERIC
                0x0000000008004378      0x198 ../../../Middlewares/ST/STM32_Audio/Addons/PDM/Lib/libPDMFilter_CM4_GCC_wc32.a(pdm_filter.o)
 .text.D48_GENERIC
                0x0000000008004510      0x1ec ../../../Middlewares/ST/STM32_Audio/Addons/PDM/Lib/libPDMFilter_CM4_GCC_wc32.a(pdm_filter.o)
 .text.D64_GENERIC
                0x00000000080046fc      0x220 ../../../Middlewares/ST/STM32_Audio/Addons/PDM/Lib/libPDMFilter_CM4_GCC_wc32.a(pdm_filter.o)
 .text.D80_GENERIC
                0x000000000800491c      0x2a0 ../../../Middlewares/ST/STM32_Audio/Addons/PDM/Lib/libPDMFilter_CM4_GCC_wc32.a(pdm_filter.o)
 .text.D128_GENERIC
                0x0000000008004bbc      0x3f0 ../../../Middlewares/ST/STM32_Audio/Addons/PDM/Lib/libPDMFilter_CM4_GCC_wc32.a(pdm_filter.o)
 .text.D16_1CH_HTONS_VOL_HP
                0x0000000008004fac       0xe4 ../../../Middlewares/ST/STM32_Audio/Addons/PDM/Lib/libPDMFilter_CM4_GCC_wc32.a(pdm_filter.o)
 .text.D24_1CH_HTONS_VOL_HP
                0x0000000008005090      0x138 ../../../Middlewares/ST/STM32_Audio/Addons/PDM/Lib/libPDMFilter_CM4_GCC_wc32.a(pdm_filter.o)
 .text.D32_1CH_HTONS_VOL_HP
                0x00000000080051c8      0x144 ../../../Middlewares/ST/STM32_Audio/Addons/PDM/Lib/libPDMFilter_CM4_GCC_wc32.a(pdm_filter.o)
 .text.D48_1CH_HTONS_VOL_HP
                0x000000000800530c      0x16c ../../../Middlewares/ST/STM32_Audio/Addons/PDM/Lib/libPDMFilter_CM4_GCC_wc32.a(pdm_filter.o)
 .text.D64_1CH_HTONS_VOL_HP
                0x0000000008005478      0x1b8 ../../../Middlewares/ST/STM32_Audio/Addons/PDM/Lib/libPDMFilter_CM4_GCC_wc32.a(pdm_filter.o)
 .text.D80_1CH_HTONS_VOL_HP
                0x0000000008005630      0x214 ../../../Middlewares/ST/STM32_Audio/Addons/PDM/Lib/libPDMFilter_CM4_GCC_wc32.a(pdm_filter.o)
 .text.D128_1CH_HTONS_VOL_HP
                0x0000000008005844      0x324 ../../../Middlewares/ST/STM32_Audio/Addons/PDM/Lib/libPDMFilter_CM4_GCC_wc32.a(pdm_filter.o)
 .text.PDM_Filter_Init
                0x0000000008005b68      0x114 ../../../Middlewares/ST/STM32_Audio/Addons/PDM/Lib/libPDMFilter_CM4_GCC_wc32.a(pdm_filter.o)
                0x0000000008005b68                PDM_Filter_Init
 .text.PDM_Filter_setConfig
                0x0000000008005c7c      0x1e4 ../../../Middlewares/ST/STM32_Audio/Addons/PDM/Lib/libPDMFilter_CM4_GCC_wc32.a(pdm_filter.o)
                0x0000000008005c7c                PDM_Filter_setConfig
 .text.PDM_Filter
                0x0000000008005e60       0x38 ../../../Middlewares/ST/STM32_Audio/Addons/PDM/Lib/libPDMFilter_CM4_GCC_wc32.a(pdm_filter.o)
                0x0000000008005e60                PDM_Filter
 .text.CRC_Lock
                0x0000000008005e98       0x7c ../../../Middlewares/ST/STM32_Audio/Addons/PDM/Lib/libPDMFilter_CM4_GCC_wc32.a(stm32_crc_lock.o)
                0x0000000008005e98                CRC_Lock
 .text.__errno  0x0000000008005f14        0xc /opt/st/stm32cubeide_1.7.0/plugins/com.st.stm32cube.ide.mcu.externaltools.gnu-tools-for-stm32.9-2020-q2-update.linux64_2.0.0.202105311346/tools/bin/../lib/gcc/arm-none-eabi/9.3.1/../../../../arm-none-eabi/lib/thumb/v7e-m+fp/hard/libc_nano.a(lib_a-errno.o)
                0x0000000008005f14                __errno
 .text.__libc_init_array
                0x0000000008005f20       0x48 /opt/st/stm32cubeide_1.7.0/plugins/com.st.stm32cube.ide.mcu.externaltools.gnu-tools-for-stm32.9-2020-q2-update.linux64_2.0.0.202105311346/tools/bin/../lib/gcc/arm-none-eabi/9.3.1/../../../../arm-none-eabi/lib/thumb/v7e-m+fp/hard/libc_nano.a(lib_a-init.o)
                0x0000000008005f20                __libc_init_array
 .text.memset   0x0000000008005f68       0x10 /opt/st/stm32cubeide_1.7.0/plugins/com.st.stm32cube.ide.mcu.externaltools.gnu-tools-for-stm32.9-2020-q2-update.linux64_2.0.0.202105311346/tools/bin/../lib/gcc/arm-none-eabi/9.3.1/../../../../arm-none-eabi/lib/thumb/v7e-m+fp/hard/libc_nano.a(lib_a-memset.o)
                0x0000000008005f68                memset
 .text.roundf   0x0000000008005f78       0x4c /opt/st/stm32cubeide_1.7.0/plugins/com.st.stm32cube.ide.mcu.externaltools.gnu-tools-for-stm32.9-2020-q2-update.linux64_2.0.0.202105311346/tools/bin/../lib/gcc/arm-none-eabi/9.3.1/../../../../arm-none-eabi/lib/thumb/v7e-m+fp/hard/libm.a(lib_a-sf_round.o)
                0x0000000008005f78                roundf
 .text.powf     0x0000000008005fc4      0x130 /opt/st/stm32cubeide_1.7.0/plugins/com.st.stm32cube.ide.mcu.externaltools.gnu-tools-for-stm32.9-2020-q2-update.linux64_2.0.0.202105311346/tools/bin/../lib/gcc/arm-none-eabi/9.3.1/../../../../arm-none-eabi/lib/thumb/v7e-m+fp/hard/libm.a(lib_a-wf_pow.o)
                0x0000000008005fc4                powf
 .text.__ieee754_powf
                0x00000000080060f4      0x580 /opt/st/stm32cubeide_1.7.0/plugins/com.st.stm32cube.ide.mcu.externaltools.gnu-tools-for-stm32.9-2020-q2-update.linux64_2.0.0.202105311346/tools/bin/../lib/gcc/arm-none-eabi/9.3.1/../../../../arm-none-eabi/lib/thumb/v7e-m+fp/hard/libm.a(lib_a-ef_pow.o)
                0x00000000080060f4                __ieee754_powf
 .text.__ieee754_sqrtf
                0x0000000008006674        0x6 /opt/st/stm32cubeide_1.7.0/plugins/com.st.stm32cube.ide.mcu.externaltools.gnu-tools-for-stm32.9-2020-q2-update.linux64_2.0.0.202105311346/tools/bin/../lib/gcc/arm-none-eabi/9.3.1/../../../../arm-none-eabi/lib/thumb/v7e-m+fp/hard/libm.a(lib_a-ef_sqrt.o)
                0x0000000008006674                __ieee754_sqrtf
 .text.fabsf    0x000000000800667a        0xe /opt/st/stm32cubeide_1.7.0/plugins/com.st.stm32cube.ide.mcu.externaltools.gnu-tools-for-stm32.9-2020-q2-update.linux64_2.0.0.202105311346/tools/bin/../lib/gcc/arm-none-eabi/9.3.1/../../../../arm-none-eabi/lib/thumb/v7e-m+fp/hard/libm.a(lib_a-sf_fabs.o)
                0x000000000800667a                fabsf
 .text.finitef  0x0000000008006688       0x1a /opt/st/stm32cubeide_1.7.0/plugins/com.st.stm32cube.ide.mcu.externaltools.gnu-tools-for-stm32.9-2020-q2-update.linux64_2.0.0.202105311346/tools/bin/../lib/gcc/arm-none-eabi/9.3.1/../../../../arm-none-eabi/lib/thumb/v7e-m+fp/hard/libm.a(lib_a-sf_finite.o)
                0x0000000008006688                finitef
 *fill*         0x00000000080066a2        0x2 
 .text.nanf     0x00000000080066a4        0xc /opt/st/stm32cubeide_1.7.0/plugins/com.st.stm32cube.ide.mcu.externaltools.gnu-tools-for-stm32.9-2020-q2-update.linux64_2.0.0.202105311346/tools/bin/../lib/gcc/arm-none-eabi/9.3.1/../../../../arm-none-eabi/lib/thumb/v7e-m+fp/hard/libm.a(lib_a-sf_nan.o)
                0x00000000080066a4                nanf
 .text.rintf    0x00000000080066b0       0xb8 /opt/st/stm32cubeide_1.7.0/plugins/com.st.stm32cube.ide.mcu.externaltools.gnu-tools-for-stm32.9-2020-q2-update.linux64_2.0.0.202105311346/tools/bin/../lib/gcc/arm-none-eabi/9.3.1/../../../../arm-none-eabi/lib/thumb/v7e-m+fp/hard/libm.a(lib_a-sf_rint.o)
                0x00000000080066b0                rintf
 .text.scalbnf  0x0000000008006768       0xe4 /opt/st/stm32cubeide_1.7.0/plugins/com.st.stm32cube.ide.mcu.externaltools.gnu-tools-for-stm32.9-2020-q2-update.linux64_2.0.0.202105311346/tools/bin/../lib/gcc/arm-none-eabi/9.3.1/../../../../arm-none-eabi/lib/thumb/v7e-m+fp/hard/libm.a(lib_a-sf_scalbn.o)
                0x0000000008006768                scalbnf
 *(.glue_7)
 .glue_7        0x000000000800684c        0x0 linker stubs
 *(.glue_7t)
 .glue_7t       0x000000000800684c        0x0 linker stubs
 *(.eh_frame)
 .eh_frame      0x000000000800684c        0x0 /opt/st/stm32cubeide_1.7.0/plugins/com.st.stm32cube.ide.mcu.externaltools.gnu-tools-for-stm32.9-2020-q2-update.linux64_2.0.0.202105311346/tools/bin/../lib/gcc/arm-none-eabi/9.3.1/thumb/v7e-m+fp/hard/crtbegin.o
 *(.init)
 .init          0x000000000800684c        0x4 /opt/st/stm32cubeide_1.7.0/plugins/com.st.stm32cube.ide.mcu.externaltools.gnu-tools-for-stm32.9-2020-q2-update.linux64_2.0.0.202105311346/tools/bin/../lib/gcc/arm-none-eabi/9.3.1/thumb/v7e-m+fp/hard/crti.o
                0x000000000800684c                _init
 .init          0x0000000008006850        0x8 /opt/st/stm32cubeide_1.7.0/plugins/com.st.stm32cube.ide.mcu.externaltools.gnu-tools-for-stm32.9-2020-q2-update.linux64_2.0.0.202105311346/tools/bin/../lib/gcc/arm-none-eabi/9.3.1/thumb/v7e-m+fp/hard/crtn.o
 *(.fini)
 .fini          0x0000000008006858        0x4 /opt/st/stm32cubeide_1.7.0/plugins/com.st.stm32cube.ide.mcu.externaltools.gnu-tools-for-stm32.9-2020-q2-update.linux64_2.0.0.202105311346/tools/bin/../lib/gcc/arm-none-eabi/9.3.1/thumb/v7e-m+fp/hard/crti.o
                0x0000000008006858                _fini
 .fini          0x000000000800685c        0x8 /opt/st/stm32cubeide_1.7.0/plugins/com.st.stm32cube.ide.mcu.externaltools.gnu-tools-for-stm32.9-2020-q2-update.linux64_2.0.0.202105311346/tools/bin/../lib/gcc/arm-none-eabi/9.3.1/thumb/v7e-m+fp/hard/crtn.o
                0x0000000008006864                . = ALIGN (0x4)
                0x0000000008006864                _etext = .

.vfp11_veneer   0x0000000008006864        0x0
 .vfp11_veneer  0x0000000008006864        0x0 linker stubs

.v4_bx          0x0000000008006864        0x0
 .v4_bx         0x0000000008006864        0x0 linker stubs

.iplt           0x0000000008006864        0x0
 .iplt          0x0000000008006864        0x0 /opt/st/stm32cubeide_1.7.0/plugins/com.st.stm32cube.ide.mcu.externaltools.gnu-tools-for-stm32.9-2020-q2-update.linux64_2.0.0.202105311346/tools/bin/../lib/gcc/arm-none-eabi/9.3.1/thumb/v7e-m+fp/hard/crtbegin.o

.rodata         0x0000000008006864       0xe8
                0x0000000008006864                . = ALIGN (0x4)
 *(.rodata)
 .rodata        0x0000000008006864        0xc ./Drivers/BSP/STM32F4-Discovery/stm32f4_discovery.o
                0x0000000008006864                GPIO_PIN
                0x000000000800686c                BUTTON_IRQn
                0x000000000800686e                BUTTON_PIN
 .rodata        0x0000000008006870       0x60 ./Drivers/BSP/STM32F4-Discovery/stm32f4_discovery_audio.o
                0x0000000008006870                I2SFreq
                0x0000000008006890                I2SPLLN
                0x00000000080068b0                I2SPLLR
 .rodata        0x00000000080068d0       0x18 ./Drivers/CMSIS/system_stm32f4xx.o
                0x00000000080068d0                AHBPrescTable
                0x00000000080068e0                APBPrescTable
 .rodata        0x00000000080068e8        0x8 ./Drivers/STM32F4xx_HAL_Driver/stm32f4xx_hal_dma.o
 .rodata        0x00000000080068f0       0x38 ../../../Middlewares/ST/STM32_Audio/Addons/PDM/Lib/libPDMFilter_CM4_GCC_wc32.a(pdm_filter.o)
 *(.rodata*)
 .rodata.__ieee754_powf.str1.1
                0x0000000008006928        0x1 /opt/st/stm32cubeide_1.7.0/plugins/com.st.stm32cube.ide.mcu.externaltools.gnu-tools-for-stm32.9-2020-q2-update.linux64_2.0.0.202105311346/tools/bin/../lib/gcc/arm-none-eabi/9.3.1/../../../../arm-none-eabi/lib/thumb/v7e-m+fp/hard/libm.a(lib_a-ef_pow.o)
 *fill*         0x0000000008006929        0x3 
 .rodata.bp     0x000000000800692c        0x8 /opt/st/stm32cubeide_1.7.0/plugins/com.st.stm32cube.ide.mcu.externaltools.gnu-tools-for-stm32.9-2020-q2-update.linux64_2.0.0.202105311346/tools/bin/../lib/gcc/arm-none-eabi/9.3.1/../../../../arm-none-eabi/lib/thumb/v7e-m+fp/hard/libm.a(lib_a-ef_pow.o)
 .rodata.dp_h   0x0000000008006934        0x8 /opt/st/stm32cubeide_1.7.0/plugins/com.st.stm32cube.ide.mcu.externaltools.gnu-tools-for-stm32.9-2020-q2-update.linux64_2.0.0.202105311346/tools/bin/../lib/gcc/arm-none-eabi/9.3.1/../../../../arm-none-eabi/lib/thumb/v7e-m+fp/hard/libm.a(lib_a-ef_pow.o)
 .rodata.dp_l   0x000000000800693c        0x8 /opt/st/stm32cubeide_1.7.0/plugins/com.st.stm32cube.ide.mcu.externaltools.gnu-tools-for-stm32.9-2020-q2-update.linux64_2.0.0.202105311346/tools/bin/../lib/gcc/arm-none-eabi/9.3.1/../../../../arm-none-eabi/lib/thumb/v7e-m+fp/hard/libm.a(lib_a-ef_pow.o)
 .rodata.TWO23  0x0000000008006944        0x8 /opt/st/stm32cubeide_1.7.0/plugins/com.st.stm32cube.ide.mcu.externaltools.gnu-tools-for-stm32.9-2020-q2-update.linux64_2.0.0.202105311346/tools/bin/../lib/gcc/arm-none-eabi/9.3.1/../../../../arm-none-eabi/lib/thumb/v7e-m+fp/hard/libm.a(lib_a-sf_rint.o)
                0x000000000800694c                . = ALIGN (0x4)

.ARM.extab
 *(.ARM.extab* .gnu.linkonce.armextab.*)

.ARM            0x000000000800694c        0x8
                0x000000000800694c                __exidx_start = .
 *(.ARM.exidx*)
 .ARM.exidx     0x000000000800694c        0x8 /opt/st/stm32cubeide_1.7.0/plugins/com.st.stm32cube.ide.mcu.externaltools.gnu-tools-for-stm32.9-2020-q2-update.linux64_2.0.0.202105311346/tools/bin/../lib/gcc/arm-none-eabi/9.3.1/thumb/v7e-m+fp/hard/libgcc.a(_udivmoddi4.o)
                0x0000000008006954                __exidx_end = .

.rel.dyn        0x0000000008006954        0x0
 .rel.iplt      0x0000000008006954        0x0 /opt/st/stm32cubeide_1.7.0/plugins/com.st.stm32cube.ide.mcu.externaltools.gnu-tools-for-stm32.9-2020-q2-update.linux64_2.0.0.202105311346/tools/bin/../lib/gcc/arm-none-eabi/9.3.1/thumb/v7e-m+fp/hard/crtbegin.o

.preinit_array  0x0000000008006954        0x0
                0x0000000008006954                PROVIDE (__preinit_array_start = .)
 *(.preinit_array*)
                0x0000000008006954                PROVIDE (__preinit_array_end = .)

.init_array     0x0000000008006954        0x4
                0x0000000008006954                PROVIDE (__init_array_start = .)
 *(SORT_BY_NAME(.init_array.*))
 *(.init_array*)
 .init_array    0x0000000008006954        0x4 /opt/st/stm32cubeide_1.7.0/plugins/com.st.stm32cube.ide.mcu.externaltools.gnu-tools-for-stm32.9-2020-q2-update.linux64_2.0.0.202105311346/tools/bin/../lib/gcc/arm-none-eabi/9.3.1/thumb/v7e-m+fp/hard/crtbegin.o
                0x0000000008006958                PROVIDE (__init_array_end = .)

.fini_array     0x0000000008006958        0x4
                [!provide]                        PROVIDE (__fini_array_start = .)
 *(SORT_BY_NAME(.fini_array.*))
 *(.fini_array*)
 .fini_array    0x0000000008006958        0x4 /opt/st/stm32cubeide_1.7.0/plugins/com.st.stm32cube.ide.mcu.externaltools.gnu-tools-for-stm32.9-2020-q2-update.linux64_2.0.0.202105311346/tools/bin/../lib/gcc/arm-none-eabi/9.3.1/thumb/v7e-m+fp/hard/crtbegin.o
                [!provide]                        PROVIDE (__fini_array_end = .)
                0x000000000800695c                _sidata = LOADADDR (.data)

.data           0x0000000020000000      0x5bc load address 0x000000000800695c
                0x0000000020000000                . = ALIGN (0x4)
                0x0000000020000000                _sdata = .
 *(.data)
 .data          0x0000000020000000       0x34 ./Drivers/BSP/Components/cs43l22.o
                0x0000000020000004                cs43l22_drv
 .data          0x0000000020000034       0x34 ./Drivers/BSP/Components/lis3dsh.o
                0x0000000020000034                Lis3dshDrv
 .data          0x0000000020000068       0x1c ./Drivers/BSP/STM32F4-Discovery/stm32f4_discovery.o
                0x0000000020000068                SpixTimeout
                0x000000002000006c                GPIO_PORT
                0x000000002000007c                BUTTON_PORT
                0x0000000020000080                I2cxTimeout
 .data          0x0000000020000084        0x4 ./Drivers/CMSIS/system_stm32f4xx.o
                0x0000000020000084                SystemCoreClock
 .data          0x0000000020000088        0x8 ./Drivers/STM32F4xx_HAL_Driver/stm32f4xx_hal.o
                0x0000000020000088                uwTickFreq
                0x000000002000008c                uwTickPrio
 .data          0x0000000020000090        0x8 ./Example/User/audio_play.o
                0x0000000020000090                AudioTotalSize
                0x0000000020000094                AudioRemSize
 .data          0x0000000020000098       0xb8 ./Example/User/main.o
                0x0000000020000098                PauseResumeStatus
                0x000000002000009c                BSP_examples
 .data          0x0000000020000150        0x4 ./Example/User/mems.o
                0x0000000020000150                ThresholdHigh
                0x0000000020000152                ThresholdLow
 .data          0x0000000020000154      0x400 ../../../Middlewares/ST/STM32_Audio/Addons/PDM/Lib/libPDMFilter_CM4_GCC_wc32.a(pdm_filter.o)
 *(.data*)
 .data._impure_ptr
                0x0000000020000554        0x4 /opt/st/stm32cubeide_1.7.0/plugins/com.st.stm32cube.ide.mcu.externaltools.gnu-tools-for-stm32.9-2020-q2-update.linux64_2.0.0.202105311346/tools/bin/../lib/gcc/arm-none-eabi/9.3.1/../../../../arm-none-eabi/lib/thumb/v7e-m+fp/hard/libc_nano.a(lib_a-impure.o)
                0x0000000020000554                _impure_ptr
 .data.impure_data
                0x0000000020000558       0x60 /opt/st/stm32cubeide_1.7.0/plugins/com.st.stm32cube.ide.mcu.externaltools.gnu-tools-for-stm32.9-2020-q2-update.linux64_2.0.0.202105311346/tools/bin/../lib/gcc/arm-none-eabi/9.3.1/../../../../arm-none-eabi/lib/thumb/v7e-m+fp/hard/libc_nano.a(lib_a-impure.o)
 .data.__fdlib_version
                0x00000000200005b8        0x1 /opt/st/stm32cubeide_1.7.0/plugins/com.st.stm32cube.ide.mcu.externaltools.gnu-tools-for-stm32.9-2020-q2-update.linux64_2.0.0.202105311346/tools/bin/../lib/gcc/arm-none-eabi/9.3.1/../../../../arm-none-eabi/lib/thumb/v7e-m+fp/hard/libm.a(lib_a-s_lib_ver.o)
                0x00000000200005b8                __fdlib_version
                0x00000000200005bc                . = ALIGN (0x4)
 *fill*         0x00000000200005b9        0x3 
                0x00000000200005bc                _edata = .
                0x0000000008006f18                _siccmram = LOADADDR (.ccmram)

.igot.plt       0x00000000200005bc        0x0 load address 0x0000000008006f18
 .igot.plt      0x00000000200005bc        0x0 /opt/st/stm32cubeide_1.7.0/plugins/com.st.stm32cube.ide.mcu.externaltools.gnu-tools-for-stm32.9-2020-q2-update.linux64_2.0.0.202105311346/tools/bin/../lib/gcc/arm-none-eabi/9.3.1/thumb/v7e-m+fp/hard/crtbegin.o

.ccmram         0x0000000010000000        0x0 load address 0x0000000008006f18
                0x0000000010000000                . = ALIGN (0x4)
                0x0000000010000000                _sccmram = .
 *(.ccmram)
 *(.ccmram*)
                0x0000000010000000                . = ALIGN (0x4)
                0x0000000010000000                _eccmram = .
                0x0000000010000000                . = ALIGN (0x4)

.bss            0x00000000200005bc     0xe464
                0x00000000200005bc                _sbss = .
                0x00000000200005bc                __bss_start__ = _sbss
 *(.bss)
 .bss           0x00000000200005bc       0x1c /opt/st/stm32cubeide_1.7.0/plugins/com.st.stm32cube.ide.mcu.externaltools.gnu-tools-for-stm32.9-2020-q2-update.linux64_2.0.0.202105311346/tools/bin/../lib/gcc/arm-none-eabi/9.3.1/thumb/v7e-m+fp/hard/crtbegin.o
 .bss           0x00000000200005d8        0x1 ./Drivers/BSP/Components/cs43l22.o
                0x00000000200005d8                OutputDev
 *fill*         0x00000000200005d9        0x3 
 .bss           0x00000000200005dc       0xac ./Drivers/BSP/STM32F4-Discovery/stm32f4_discovery.o
 .bss           0x0000000020000688        0x4 ./Drivers/BSP/STM32F4-Discovery/stm32f4_discovery_accelerometer.o
 .bss           0x000000002000068c       0xc4 ./Drivers/BSP/STM32F4-Discovery/stm32f4_discovery_audio.o
 .bss           0x0000000020000750        0x8 ./Example/User/audio_play.o
                0x0000000020000750                waveformat
                0x0000000020000754                AudioTest
 .bss           0x0000000020000758      0x14c ./Example/User/audio_record.o
                0x0000000020000858                AUDIODataReady
                0x000000002000089c                ITCounter
                0x00000000200008a0                AUDIOBuffOffset
 .bss           0x00000000200008a4        0x9 ./Example/User/main.o
                0x00000000200008a4                UserPressButton
                0x00000000200008a8                PressCount
                0x00000000200008ac                DemoIndex
 .bss           0x00000000200008ad        0x1 ../../../Middlewares/ST/STM32_Audio/Addons/PDM/Lib/libPDMFilter_CM4_GCC_wc32.a(pdm_filter.o)
 *(.bss*)
 *(COMMON)
 *fill*         0x00000000200008ae        0x2 
 COMMON         0x00000000200008b0      0x134 ./Drivers/BSP/STM32F4-Discovery/stm32f4_discovery_audio.o
                0x00000000200008b0                PDM_FilterConfig
                0x00000000200008bc                PDM_FilterHandler
                0x0000000020000954                hAudioOutI2s
                0x000000002000099c                hAudioInI2s
 COMMON         0x00000000200009e4        0x4 ./Drivers/STM32F4xx_HAL_Driver/stm32f4xx_hal.o
                0x00000000200009e4                uwTick
 COMMON         0x00000000200009e8        0x4 ./Example/User/audio_play.o
                0x00000000200009e8                CurrentPos
 COMMON         0x00000000200009ec     0xe034 ./Example/User/audio_record.o
                0x00000000200009ec                pHeaderBuff
                0x0000000020000a18                BufferCtl
                0x0000000020000a20                WrBuffer
                0x000000002000ea20                . = ALIGN (0x4)
                0x000000002000ea20                _ebss = .
                0x000000002000ea20                __bss_end__ = _ebss

._user_heap_stack
                0x000000002000ea20      0x600
                0x000000002000ea20                . = ALIGN (0x4)
                0x000000002000ea20                PROVIDE (end = .)
                [!provide]                        PROVIDE (_end = .)
                0x000000002000ec20                . = (. + _Min_Heap_Size)
 *fill*         0x000000002000ea20      0x200 
                0x000000002000f020                . = (. + _Min_Stack_Size)
 *fill*         0x000000002000ec20      0x400 
                0x000000002000f020                . = ALIGN (0x4)

/DISCARD/
 libc.a(*)
 libm.a(*)
 libgcc.a(*)

.ARM.attributes
                0x0000000000000000       0x30
 *(.ARM.attributes)
 .ARM.attributes
                0x0000000000000000       0x1e /opt/st/stm32cubeide_1.7.0/plugins/com.st.stm32cube.ide.mcu.externaltools.gnu-tools-for-stm32.9-2020-q2-update.linux64_2.0.0.202105311346/tools/bin/../lib/gcc/arm-none-eabi/9.3.1/thumb/v7e-m+fp/hard/crti.o
 .ARM.attributes
                0x000000000000001e       0x34 /opt/st/stm32cubeide_1.7.0/plugins/com.st.stm32cube.ide.mcu.externaltools.gnu-tools-for-stm32.9-2020-q2-update.linux64_2.0.0.202105311346/tools/bin/../lib/gcc/arm-none-eabi/9.3.1/thumb/v7e-m+fp/hard/crtbegin.o
 .ARM.attributes
                0x0000000000000052       0x34 ./Drivers/BSP/Components/cs43l22.o
 .ARM.attributes
                0x0000000000000086       0x34 ./Drivers/BSP/Components/lis3dsh.o
 .ARM.attributes
                0x00000000000000ba       0x34 ./Drivers/BSP/STM32F4-Discovery/stm32f4_discovery.o
 .ARM.attributes
                0x00000000000000ee       0x34 ./Drivers/BSP/STM32F4-Discovery/stm32f4_discovery_accelerometer.o
 .ARM.attributes
                0x0000000000000122       0x34 ./Drivers/BSP/STM32F4-Discovery/stm32f4_discovery_audio.o
 .ARM.attributes
                0x0000000000000156       0x34 ./Drivers/CMSIS/system_stm32f4xx.o
 .ARM.attributes
                0x000000000000018a       0x34 ./Drivers/STM32F4xx_HAL_Driver/stm32f4xx_hal.o
 .ARM.attributes
                0x00000000000001be       0x34 ./Drivers/STM32F4xx_HAL_Driver/stm32f4xx_hal_cortex.o
 .ARM.attributes
                0x00000000000001f2       0x34 ./Drivers/STM32F4xx_HAL_Driver/stm32f4xx_hal_dma.o
 .ARM.attributes
                0x0000000000000226       0x34 ./Drivers/STM32F4xx_HAL_Driver/stm32f4xx_hal_gpio.o
 .ARM.attributes
                0x000000000000025a       0x34 ./Drivers/STM32F4xx_HAL_Driver/stm32f4xx_hal_i2c.o
 .ARM.attributes
                0x000000000000028e       0x34 ./Drivers/STM32F4xx_HAL_Driver/stm32f4xx_hal_i2s.o
 .ARM.attributes
                0x00000000000002c2       0x34 ./Drivers/STM32F4xx_HAL_Driver/stm32f4xx_hal_i2s_ex.o
 .ARM.attributes
                0x00000000000002f6       0x34 ./Drivers/STM32F4xx_HAL_Driver/stm32f4xx_hal_rcc.o
 .ARM.attributes
                0x000000000000032a       0x34 ./Drivers/STM32F4xx_HAL_Driver/stm32f4xx_hal_rcc_ex.o
 .ARM.attributes
                0x000000000000035e       0x34 ./Drivers/STM32F4xx_HAL_Driver/stm32f4xx_hal_spi.o
 .ARM.attributes
                0x0000000000000392       0x21 ./Example/SW4STM32/startup_stm32f407xx.o
 .ARM.attributes
                0x00000000000003b3       0x34 ./Example/User/audio_play.o
 .ARM.attributes
                0x00000000000003e7       0x34 ./Example/User/audio_record.o
 .ARM.attributes
                0x000000000000041b       0x34 ./Example/User/main.o
 .ARM.attributes
                0x000000000000044f       0x34 ./Example/User/mems.o
 .ARM.attributes
                0x0000000000000483       0x34 ./Example/User/stm32f4xx_it.o
 .ARM.attributes
                0x00000000000004b7       0x39 ../../../Middlewares/ST/STM32_Audio/Addons/PDM/Lib/libPDMFilter_CM4_GCC_wc32.a(pdm_filter.o)
 .ARM.attributes
                0x00000000000004f0       0x39 ../../../Middlewares/ST/STM32_Audio/Addons/PDM/Lib/libPDMFilter_CM4_GCC_wc32.a(stm32_crc_lock.o)
 .ARM.attributes
                0x0000000000000529       0x34 /opt/st/stm32cubeide_1.7.0/plugins/com.st.stm32cube.ide.mcu.externaltools.gnu-tools-for-stm32.9-2020-q2-update.linux64_2.0.0.202105311346/tools/bin/../lib/gcc/arm-none-eabi/9.3.1/../../../../arm-none-eabi/lib/thumb/v7e-m+fp/hard/libc_nano.a(lib_a-errno.o)
 .ARM.attributes
                0x000000000000055d       0x32 /opt/st/stm32cubeide_1.7.0/plugins/com.st.stm32cube.ide.mcu.externaltools.gnu-tools-for-stm32.9-2020-q2-update.linux64_2.0.0.202105311346/tools/bin/../lib/gcc/arm-none-eabi/9.3.1/../../../../arm-none-eabi/lib/thumb/v7e-m+fp/hard/libc_nano.a(lib_a-impure.o)
 .ARM.attributes
                0x000000000000058f       0x34 /opt/st/stm32cubeide_1.7.0/plugins/com.st.stm32cube.ide.mcu.externaltools.gnu-tools-for-stm32.9-2020-q2-update.linux64_2.0.0.202105311346/tools/bin/../lib/gcc/arm-none-eabi/9.3.1/../../../../arm-none-eabi/lib/thumb/v7e-m+fp/hard/libc_nano.a(lib_a-init.o)
 .ARM.attributes
                0x00000000000005c3       0x34 /opt/st/stm32cubeide_1.7.0/plugins/com.st.stm32cube.ide.mcu.externaltools.gnu-tools-for-stm32.9-2020-q2-update.linux64_2.0.0.202105311346/tools/bin/../lib/gcc/arm-none-eabi/9.3.1/../../../../arm-none-eabi/lib/thumb/v7e-m+fp/hard/libc_nano.a(lib_a-memset.o)
 .ARM.attributes
                0x00000000000005f7       0x34 /opt/st/stm32cubeide_1.7.0/plugins/com.st.stm32cube.ide.mcu.externaltools.gnu-tools-for-stm32.9-2020-q2-update.linux64_2.0.0.202105311346/tools/bin/../lib/gcc/arm-none-eabi/9.3.1/../../../../arm-none-eabi/lib/thumb/v7e-m+fp/hard/libm.a(lib_a-sf_round.o)
 .ARM.attributes
                0x000000000000062b       0x34 /opt/st/stm32cubeide_1.7.0/plugins/com.st.stm32cube.ide.mcu.externaltools.gnu-tools-for-stm32.9-2020-q2-update.linux64_2.0.0.202105311346/tools/bin/../lib/gcc/arm-none-eabi/9.3.1/../../../../arm-none-eabi/lib/thumb/v7e-m+fp/hard/libm.a(lib_a-wf_pow.o)
 .ARM.attributes
                0x000000000000065f       0x34 /opt/st/stm32cubeide_1.7.0/plugins/com.st.stm32cube.ide.mcu.externaltools.gnu-tools-for-stm32.9-2020-q2-update.linux64_2.0.0.202105311346/tools/bin/../lib/gcc/arm-none-eabi/9.3.1/../../../../arm-none-eabi/lib/thumb/v7e-m+fp/hard/libm.a(lib_a-ef_pow.o)
 .ARM.attributes
                0x0000000000000693       0x34 /opt/st/stm32cubeide_1.7.0/plugins/com.st.stm32cube.ide.mcu.externaltools.gnu-tools-for-stm32.9-2020-q2-update.linux64_2.0.0.202105311346/tools/bin/../lib/gcc/arm-none-eabi/9.3.1/../../../../arm-none-eabi/lib/thumb/v7e-m+fp/hard/libm.a(lib_a-ef_sqrt.o)
 .ARM.attributes
                0x00000000000006c7       0x32 /opt/st/stm32cubeide_1.7.0/plugins/com.st.stm32cube.ide.mcu.externaltools.gnu-tools-for-stm32.9-2020-q2-update.linux64_2.0.0.202105311346/tools/bin/../lib/gcc/arm-none-eabi/9.3.1/../../../../arm-none-eabi/lib/thumb/v7e-m+fp/hard/libm.a(lib_a-s_lib_ver.o)
 .ARM.attributes
                0x00000000000006f9       0x34 /opt/st/stm32cubeide_1.7.0/plugins/com.st.stm32cube.ide.mcu.externaltools.gnu-tools-for-stm32.9-2020-q2-update.linux64_2.0.0.202105311346/tools/bin/../lib/gcc/arm-none-eabi/9.3.1/../../../../arm-none-eabi/lib/thumb/v7e-m+fp/hard/libm.a(lib_a-sf_fabs.o)
 .ARM.attributes
                0x000000000000072d       0x34 /opt/st/stm32cubeide_1.7.0/plugins/com.st.stm32cube.ide.mcu.externaltools.gnu-tools-for-stm32.9-2020-q2-update.linux64_2.0.0.202105311346/tools/bin/../lib/gcc/arm-none-eabi/9.3.1/../../../../arm-none-eabi/lib/thumb/v7e-m+fp/hard/libm.a(lib_a-sf_finite.o)
 .ARM.attributes
                0x0000000000000761       0x34 /opt/st/stm32cubeide_1.7.0/plugins/com.st.stm32cube.ide.mcu.externaltools.gnu-tools-for-stm32.9-2020-q2-update.linux64_2.0.0.202105311346/tools/bin/../lib/gcc/arm-none-eabi/9.3.1/../../../../arm-none-eabi/lib/thumb/v7e-m+fp/hard/libm.a(lib_a-sf_nan.o)
 .ARM.attributes
                0x0000000000000795       0x34 /opt/st/stm32cubeide_1.7.0/plugins/com.st.stm32cube.ide.mcu.externaltools.gnu-tools-for-stm32.9-2020-q2-update.linux64_2.0.0.202105311346/tools/bin/../lib/gcc/arm-none-eabi/9.3.1/../../../../arm-none-eabi/lib/thumb/v7e-m+fp/hard/libm.a(lib_a-sf_rint.o)
 .ARM.attributes
                0x00000000000007c9       0x34 /opt/st/stm32cubeide_1.7.0/plugins/com.st.stm32cube.ide.mcu.externaltools.gnu-tools-for-stm32.9-2020-q2-update.linux64_2.0.0.202105311346/tools/bin/../lib/gcc/arm-none-eabi/9.3.1/../../../../arm-none-eabi/lib/thumb/v7e-m+fp/hard/libm.a(lib_a-sf_scalbn.o)
 .ARM.attributes
                0x00000000000007fd       0x1e /opt/st/stm32cubeide_1.7.0/plugins/com.st.stm32cube.ide.mcu.externaltools.gnu-tools-for-stm32.9-2020-q2-update.linux64_2.0.0.202105311346/tools/bin/../lib/gcc/arm-none-eabi/9.3.1/thumb/v7e-m+fp/hard/libgcc.a(_aeabi_uldivmod.o)
 .ARM.attributes
                0x000000000000081b       0x34 /opt/st/stm32cubeide_1.7.0/plugins/com.st.stm32cube.ide.mcu.externaltools.gnu-tools-for-stm32.9-2020-q2-update.linux64_2.0.0.202105311346/tools/bin/../lib/gcc/arm-none-eabi/9.3.1/thumb/v7e-m+fp/hard/libgcc.a(_udivmoddi4.o)
 .ARM.attributes
                0x000000000000084f       0x1e /opt/st/stm32cubeide_1.7.0/plugins/com.st.stm32cube.ide.mcu.externaltools.gnu-tools-for-stm32.9-2020-q2-update.linux64_2.0.0.202105311346/tools/bin/../lib/gcc/arm-none-eabi/9.3.1/thumb/v7e-m+fp/hard/libgcc.a(_dvmd_tls.o)
 .ARM.attributes
                0x000000000000086d       0x1e /opt/st/stm32cubeide_1.7.0/plugins/com.st.stm32cube.ide.mcu.externaltools.gnu-tools-for-stm32.9-2020-q2-update.linux64_2.0.0.202105311346/tools/bin/../lib/gcc/arm-none-eabi/9.3.1/thumb/v7e-m+fp/hard/crtn.o
OUTPUT(STM32F4-Discovery.elf elf32-littlearm)
LOAD linker stubs
LOAD /opt/st/stm32cubeide_1.7.0/plugins/com.st.stm32cube.ide.mcu.externaltools.gnu-tools-for-stm32.9-2020-q2-update.linux64_2.0.0.202105311346/tools/bin/../lib/gcc/arm-none-eabi/9.3.1/../../../../arm-none-eabi/lib/thumb/v7e-m+fp/hard/libc.a
LOAD /opt/st/stm32cubeide_1.7.0/plugins/com.st.stm32cube.ide.mcu.externaltools.gnu-tools-for-stm32.9-2020-q2-update.linux64_2.0.0.202105311346/tools/bin/../lib/gcc/arm-none-eabi/9.3.1/../../../../arm-none-eabi/lib/thumb/v7e-m+fp/hard/libm.a
LOAD /opt/st/stm32cubeide_1.7.0/plugins/com.st.stm32cube.ide.mcu.externaltools.gnu-tools-for-stm32.9-2020-q2-update.linux64_2.0.0.202105311346/tools/bin/../lib/gcc/arm-none-eabi/9.3.1/thumb/v7e-m+fp/hard/libgcc.a

.debug_info     0x0000000000000000    0x18191
 .debug_info    0x0000000000000000     0x14fd ./Drivers/BSP/Components/cs43l22.o
 .debug_info    0x00000000000014fd      0x90f ./Drivers/BSP/Components/lis3dsh.o
 .debug_info    0x0000000000001e0c     0x1ca1 ./Drivers/BSP/STM32F4-Discovery/stm32f4_discovery.o
 .debug_info    0x0000000000003aad      0x48e ./Drivers/BSP/STM32F4-Discovery/stm32f4_discovery_accelerometer.o
 .debug_info    0x0000000000003f3b     0x1f3e ./Drivers/BSP/STM32F4-Discovery/stm32f4_discovery_audio.o
 .debug_info    0x0000000000005e79      0x5bd ./Drivers/CMSIS/system_stm32f4xx.o
 .debug_info    0x0000000000006436      0xab1 ./Drivers/STM32F4xx_HAL_Driver/stm32f4xx_hal.o
 .debug_info    0x0000000000006ee7     0x1148 ./Drivers/STM32F4xx_HAL_Driver/stm32f4xx_hal_cortex.o
 .debug_info    0x000000000000802f      0xbfa ./Drivers/STM32F4xx_HAL_Driver/stm32f4xx_hal_dma.o
 .debug_info    0x0000000000008c29      0x884 ./Drivers/STM32F4xx_HAL_Driver/stm32f4xx_hal_gpio.o
 .debug_info    0x00000000000094ad     0x3c2e ./Drivers/STM32F4xx_HAL_Driver/stm32f4xx_hal_i2c.o
 .debug_info    0x000000000000d0db     0x128e ./Drivers/STM32F4xx_HAL_Driver/stm32f4xx_hal_i2s.o
 .debug_info    0x000000000000e369      0xf18 ./Drivers/STM32F4xx_HAL_Driver/stm32f4xx_hal_i2s_ex.o
 .debug_info    0x000000000000f281      0xbd5 ./Drivers/STM32F4xx_HAL_Driver/stm32f4xx_hal_rcc.o
 .debug_info    0x000000000000fe56      0x740 ./Drivers/STM32F4xx_HAL_Driver/stm32f4xx_hal_rcc_ex.o
 .debug_info    0x0000000000010596     0x2386 ./Drivers/STM32F4xx_HAL_Driver/stm32f4xx_hal_spi.o
 .debug_info    0x000000000001291c       0x22 ./Example/SW4STM32/startup_stm32f407xx.o
 .debug_info    0x000000000001293e     0x1078 ./Example/User/audio_play.o
 .debug_info    0x00000000000139b6     0x1067 ./Example/User/audio_record.o
 .debug_info    0x0000000000014a1d     0x158e ./Example/User/main.o
 .debug_info    0x0000000000015fab      0xed1 ./Example/User/mems.o
 .debug_info    0x0000000000016e7c     0x1315 ./Example/User/stm32f4xx_it.o

.debug_abbrev   0x0000000000000000     0x3b9e
 .debug_abbrev  0x0000000000000000      0x361 ./Drivers/BSP/Components/cs43l22.o
 .debug_abbrev  0x0000000000000361      0x1f9 ./Drivers/BSP/Components/lis3dsh.o
 .debug_abbrev  0x000000000000055a      0x42e ./Drivers/BSP/STM32F4-Discovery/stm32f4_discovery.o
 .debug_abbrev  0x0000000000000988      0x1db ./Drivers/BSP/STM32F4-Discovery/stm32f4_discovery_accelerometer.o
 .debug_abbrev  0x0000000000000b63      0x404 ./Drivers/BSP/STM32F4-Discovery/stm32f4_discovery_audio.o
 .debug_abbrev  0x0000000000000f67      0x14b ./Drivers/CMSIS/system_stm32f4xx.o
 .debug_abbrev  0x00000000000010b2      0x27e ./Drivers/STM32F4xx_HAL_Driver/stm32f4xx_hal.o
 .debug_abbrev  0x0000000000001330      0x398 ./Drivers/STM32F4xx_HAL_Driver/stm32f4xx_hal_cortex.o
 .debug_abbrev  0x00000000000016c8      0x356 ./Drivers/STM32F4xx_HAL_Driver/stm32f4xx_hal_dma.o
 .debug_abbrev  0x0000000000001a1e      0x21d ./Drivers/STM32F4xx_HAL_Driver/stm32f4xx_hal_gpio.o
 .debug_abbrev  0x0000000000001c3b      0x42c ./Drivers/STM32F4xx_HAL_Driver/stm32f4xx_hal_i2c.o
 .debug_abbrev  0x0000000000002067      0x2ea ./Drivers/STM32F4xx_HAL_Driver/stm32f4xx_hal_i2s.o
 .debug_abbrev  0x0000000000002351      0x36e ./Drivers/STM32F4xx_HAL_Driver/stm32f4xx_hal_i2s_ex.o
 .debug_abbrev  0x00000000000026bf      0x315 ./Drivers/STM32F4xx_HAL_Driver/stm32f4xx_hal_rcc.o
 .debug_abbrev  0x00000000000029d4      0x19b ./Drivers/STM32F4xx_HAL_Driver/stm32f4xx_hal_rcc_ex.o
 .debug_abbrev  0x0000000000002b6f      0x382 ./Drivers/STM32F4xx_HAL_Driver/stm32f4xx_hal_spi.o
 .debug_abbrev  0x0000000000002ef1       0x12 ./Example/SW4STM32/startup_stm32f407xx.o
 .debug_abbrev  0x0000000000002f03      0x25b ./Example/User/audio_play.o
 .debug_abbrev  0x000000000000315e      0x26c ./Example/User/audio_record.o
 .debug_abbrev  0x00000000000033ca      0x2ee ./Example/User/main.o
 .debug_abbrev  0x00000000000036b8      0x279 ./Example/User/mems.o
 .debug_abbrev  0x0000000000003931      0x26d ./Example/User/stm32f4xx_it.o

.debug_loc      0x0000000000000000     0xa818
 .debug_loc     0x0000000000000000      0xe96 ./Drivers/BSP/Components/cs43l22.o
 .debug_loc     0x0000000000000e96      0x1b9 ./Drivers/BSP/Components/lis3dsh.o
 .debug_loc     0x000000000000104f      0x485 ./Drivers/BSP/STM32F4-Discovery/stm32f4_discovery.o
 .debug_loc     0x00000000000014d4      0x16e ./Drivers/BSP/STM32F4-Discovery/stm32f4_discovery_accelerometer.o
 .debug_loc     0x0000000000001642      0x8c8 ./Drivers/BSP/STM32F4-Discovery/stm32f4_discovery_audio.o
 .debug_loc     0x0000000000001f0a      0x12f ./Drivers/CMSIS/system_stm32f4xx.o
 .debug_loc     0x0000000000002039      0x139 ./Drivers/STM32F4xx_HAL_Driver/stm32f4xx_hal.o
 .debug_loc     0x0000000000002172      0x5d3 ./Drivers/STM32F4xx_HAL_Driver/stm32f4xx_hal_cortex.o
 .debug_loc     0x0000000000002745      0x914 ./Drivers/STM32F4xx_HAL_Driver/stm32f4xx_hal_dma.o
 .debug_loc     0x0000000000003059      0x433 ./Drivers/STM32F4xx_HAL_Driver/stm32f4xx_hal_gpio.o
 .debug_loc     0x000000000000348c     0x39c6 ./Drivers/STM32F4xx_HAL_Driver/stm32f4xx_hal_i2c.o
 .debug_loc     0x0000000000006e52      0xbc2 ./Drivers/STM32F4xx_HAL_Driver/stm32f4xx_hal_i2s.o
 .debug_loc     0x0000000000007a14      0x776 ./Drivers/STM32F4xx_HAL_Driver/stm32f4xx_hal_i2s_ex.o
 .debug_loc     0x000000000000818a      0x4af ./Drivers/STM32F4xx_HAL_Driver/stm32f4xx_hal_rcc.o
 .debug_loc     0x0000000000008639      0x38c ./Drivers/STM32F4xx_HAL_Driver/stm32f4xx_hal_rcc_ex.o
 .debug_loc     0x00000000000089c5     0x1d49 ./Drivers/STM32F4xx_HAL_Driver/stm32f4xx_hal_spi.o
 .debug_loc     0x000000000000a70e       0x3e ./Example/User/audio_play.o
 .debug_loc     0x000000000000a74c       0x42 ./Example/User/main.o
 .debug_loc     0x000000000000a78e       0x8a ./Example/User/mems.o

.debug_aranges  0x0000000000000000      0xc18
 .debug_aranges
                0x0000000000000000       0x80 ./Drivers/BSP/Components/cs43l22.o
 .debug_aranges
                0x0000000000000080       0x68 ./Drivers/BSP/Components/lis3dsh.o
 .debug_aranges
                0x00000000000000e8       0xa8 ./Drivers/BSP/STM32F4-Discovery/stm32f4_discovery.o
 .debug_aranges
                0x0000000000000190       0x48 ./Drivers/BSP/STM32F4-Discovery/stm32f4_discovery_accelerometer.o
 .debug_aranges
                0x00000000000001d8      0x108 ./Drivers/BSP/STM32F4-Discovery/stm32f4_discovery_audio.o
 .debug_aranges
                0x00000000000002e0       0x28 ./Drivers/CMSIS/system_stm32f4xx.o
 .debug_aranges
                0x0000000000000308       0xe8 ./Drivers/STM32F4xx_HAL_Driver/stm32f4xx_hal.o
 .debug_aranges
                0x00000000000003f0       0xa8 ./Drivers/STM32F4xx_HAL_Driver/stm32f4xx_hal_cortex.o
 .debug_aranges
                0x0000000000000498       0x80 ./Drivers/STM32F4xx_HAL_Driver/stm32f4xx_hal_dma.o
 .debug_aranges
                0x0000000000000518       0x58 ./Drivers/STM32F4xx_HAL_Driver/stm32f4xx_hal_gpio.o
 .debug_aranges
                0x0000000000000570      0x1b8 ./Drivers/STM32F4xx_HAL_Driver/stm32f4xx_hal_i2c.o
 .debug_aranges
                0x0000000000000728       0xc8 ./Drivers/STM32F4xx_HAL_Driver/stm32f4xx_hal_i2s.o
 .debug_aranges
                0x00000000000007f0       0x60 ./Drivers/STM32F4xx_HAL_Driver/stm32f4xx_hal_i2s_ex.o
 .debug_aranges
                0x0000000000000850       0x88 ./Drivers/STM32F4xx_HAL_Driver/stm32f4xx_hal_rcc.o
 .debug_aranges
                0x00000000000008d8       0x48 ./Drivers/STM32F4xx_HAL_Driver/stm32f4xx_hal_rcc_ex.o
 .debug_aranges
                0x0000000000000920      0x1a8 ./Drivers/STM32F4xx_HAL_Driver/stm32f4xx_hal_spi.o
 .debug_aranges
                0x0000000000000ac8       0x28 ./Example/SW4STM32/startup_stm32f407xx.o
 .debug_aranges
                0x0000000000000af0       0x30 ./Example/User/audio_play.o
 .debug_aranges
                0x0000000000000b20       0x38 ./Example/User/audio_record.o
 .debug_aranges
                0x0000000000000b58       0x38 ./Example/User/main.o
 .debug_aranges
                0x0000000000000b90       0x20 ./Example/User/mems.o
 .debug_aranges
                0x0000000000000bb0       0x68 ./Example/User/stm32f4xx_it.o

.debug_ranges   0x0000000000000000     0x1258
 .debug_ranges  0x0000000000000000       0xd0 ./Drivers/BSP/Components/cs43l22.o
 .debug_ranges  0x00000000000000d0       0x58 ./Drivers/BSP/Components/lis3dsh.o
 .debug_ranges  0x0000000000000128      0x1a8 ./Drivers/BSP/STM32F4-Discovery/stm32f4_discovery.o
 .debug_ranges  0x00000000000002d0       0x38 ./Drivers/BSP/STM32F4-Discovery/stm32f4_discovery_accelerometer.o
 .debug_ranges  0x0000000000000308      0x1a0 ./Drivers/BSP/STM32F4-Discovery/stm32f4_discovery_audio.o
 .debug_ranges  0x00000000000004a8       0x18 ./Drivers/CMSIS/system_stm32f4xx.o
 .debug_ranges  0x00000000000004c0       0xd8 ./Drivers/STM32F4xx_HAL_Driver/stm32f4xx_hal.o
 .debug_ranges  0x0000000000000598      0x150 ./Drivers/STM32F4xx_HAL_Driver/stm32f4xx_hal_cortex.o
 .debug_ranges  0x00000000000006e8       0xc8 ./Drivers/STM32F4xx_HAL_Driver/stm32f4xx_hal_dma.o
 .debug_ranges  0x00000000000007b0       0x68 ./Drivers/STM32F4xx_HAL_Driver/stm32f4xx_hal_gpio.o
 .debug_ranges  0x0000000000000818      0x4b0 ./Drivers/STM32F4xx_HAL_Driver/stm32f4xx_hal_i2c.o
 .debug_ranges  0x0000000000000cc8       0xb8 ./Drivers/STM32F4xx_HAL_Driver/stm32f4xx_hal_i2s.o
 .debug_ranges  0x0000000000000d80       0x50 ./Drivers/STM32F4xx_HAL_Driver/stm32f4xx_hal_i2s_ex.o
 .debug_ranges  0x0000000000000dd0       0xb0 ./Drivers/STM32F4xx_HAL_Driver/stm32f4xx_hal_rcc.o
 .debug_ranges  0x0000000000000e80       0x50 ./Drivers/STM32F4xx_HAL_Driver/stm32f4xx_hal_rcc_ex.o
 .debug_ranges  0x0000000000000ed0      0x260 ./Drivers/STM32F4xx_HAL_Driver/stm32f4xx_hal_spi.o
 .debug_ranges  0x0000000000001130       0x20 ./Example/SW4STM32/startup_stm32f407xx.o
 .debug_ranges  0x0000000000001150       0x20 ./Example/User/audio_play.o
 .debug_ranges  0x0000000000001170       0x28 ./Example/User/audio_record.o
 .debug_ranges  0x0000000000001198       0x58 ./Example/User/main.o
 .debug_ranges  0x00000000000011f0       0x10 ./Example/User/mems.o
 .debug_ranges  0x0000000000001200       0x58 ./Example/User/stm32f4xx_it.o

.debug_macro    0x0000000000000000    0x22960
 .debug_macro   0x0000000000000000       0x87 ./Drivers/BSP/Components/cs43l22.o
 .debug_macro   0x0000000000000087      0xaae ./Drivers/BSP/Components/cs43l22.o
 .debug_macro   0x0000000000000b35       0x22 ./Drivers/BSP/Components/cs43l22.o
 .debug_macro   0x0000000000000b57       0x8e ./Drivers/BSP/Components/cs43l22.o
 .debug_macro   0x0000000000000be5       0x51 ./Drivers/BSP/Components/cs43l22.o
 .debug_macro   0x0000000000000c36      0x103 ./Drivers/BSP/Components/cs43l22.o
 .debug_macro   0x0000000000000d39       0x6a ./Drivers/BSP/Components/cs43l22.o
 .debug_macro   0x0000000000000da3      0x1df ./Drivers/BSP/Components/cs43l22.o
 .debug_macro   0x0000000000000f82       0x10 ./Drivers/BSP/Components/cs43l22.o
 .debug_macro   0x0000000000000f92      0x18f ./Drivers/BSP/Components/cs43l22.o
 .debug_macro   0x0000000000001121       0x7c ./Drivers/BSP/Components/lis3dsh.o
 .debug_macro   0x000000000000119d      0x428 ./Drivers/BSP/Components/lis3dsh.o
 .debug_macro   0x00000000000015c5      0x210 ./Drivers/BSP/STM32F4-Discovery/stm32f4_discovery.o
 .debug_macro   0x00000000000017d5      0x1ab ./Drivers/BSP/STM32F4-Discovery/stm32f4_discovery.o
 .debug_macro   0x0000000000001980       0x2e ./Drivers/BSP/STM32F4-Discovery/stm32f4_discovery.o
 .debug_macro   0x00000000000019ae       0x2f ./Drivers/BSP/STM32F4-Discovery/stm32f4_discovery.o
 .debug_macro   0x00000000000019dd       0x1c ./Drivers/BSP/STM32F4-Discovery/stm32f4_discovery.o
 .debug_macro   0x00000000000019f9       0x22 ./Drivers/BSP/STM32F4-Discovery/stm32f4_discovery.o
 .debug_macro   0x0000000000001a1b       0xdf ./Drivers/BSP/STM32F4-Discovery/stm32f4_discovery.o
 .debug_macro   0x0000000000001afa     0x102d ./Drivers/BSP/STM32F4-Discovery/stm32f4_discovery.o
 .debug_macro   0x0000000000002b27      0x11f ./Drivers/BSP/STM32F4-Discovery/stm32f4_discovery.o
 .debug_macro   0x0000000000002c46    0x15e58 ./Drivers/BSP/STM32F4-Discovery/stm32f4_discovery.o
 .debug_macro   0x0000000000018a9e       0x6d ./Drivers/BSP/STM32F4-Discovery/stm32f4_discovery.o
 .debug_macro   0x0000000000018b0b     0x3666 ./Drivers/BSP/STM32F4-Discovery/stm32f4_discovery.o
 .debug_macro   0x000000000001c171      0x174 ./Drivers/BSP/STM32F4-Discovery/stm32f4_discovery.o
 .debug_macro   0x000000000001c2e5       0x5c ./Drivers/BSP/STM32F4-Discovery/stm32f4_discovery.o
 .debug_macro   0x000000000001c341      0x96b ./Drivers/BSP/STM32F4-Discovery/stm32f4_discovery.o
 .debug_macro   0x000000000001ccac      0x9fe ./Drivers/BSP/STM32F4-Discovery/stm32f4_discovery.o
 .debug_macro   0x000000000001d6aa      0x116 ./Drivers/BSP/STM32F4-Discovery/stm32f4_discovery.o
 .debug_macro   0x000000000001d7c0      0x13e ./Drivers/BSP/STM32F4-Discovery/stm32f4_discovery.o
 .debug_macro   0x000000000001d8fe       0xa5 ./Drivers/BSP/STM32F4-Discovery/stm32f4_discovery.o
 .debug_macro   0x000000000001d9a3      0x287 ./Drivers/BSP/STM32F4-Discovery/stm32f4_discovery.o
 .debug_macro   0x000000000001dc2a       0x5f ./Drivers/BSP/STM32F4-Discovery/stm32f4_discovery.o
 .debug_macro   0x000000000001dc89      0x236 ./Drivers/BSP/STM32F4-Discovery/stm32f4_discovery.o
 .debug_macro   0x000000000001debf      0x12c ./Drivers/BSP/STM32F4-Discovery/stm32f4_discovery.o
 .debug_macro   0x000000000001dfeb      0x21e ./Drivers/BSP/STM32F4-Discovery/stm32f4_discovery.o
 .debug_macro   0x000000000001e209       0x2e ./Drivers/BSP/STM32F4-Discovery/stm32f4_discovery.o
 .debug_macro   0x000000000001e237      0x1b5 ./Drivers/BSP/STM32F4-Discovery/stm32f4_discovery.o
 .debug_macro   0x000000000001e3ec       0xd6 ./Drivers/BSP/STM32F4-Discovery/stm32f4_discovery.o
 .debug_macro   0x000000000001e4c2      0x1a7 ./Drivers/BSP/STM32F4-Discovery/stm32f4_discovery.o
 .debug_macro   0x000000000001e669       0x46 ./Drivers/BSP/STM32F4-Discovery/stm32f4_discovery.o
 .debug_macro   0x000000000001e6af       0x4a ./Drivers/BSP/STM32F4-Discovery/stm32f4_discovery.o
 .debug_macro   0x000000000001e6f9      0x11a ./Drivers/BSP/STM32F4-Discovery/stm32f4_discovery.o
 .debug_macro   0x000000000001e813       0x7e ./Drivers/BSP/STM32F4-Discovery/stm32f4_discovery.o
 .debug_macro   0x000000000001e891       0x89 ./Drivers/BSP/STM32F4-Discovery/stm32f4_discovery.o
 .debug_macro   0x000000000001e91a      0x225 ./Drivers/BSP/STM32F4-Discovery/stm32f4_discovery.o
 .debug_macro   0x000000000001eb3f      0x12d ./Drivers/BSP/STM32F4-Discovery/stm32f4_discovery.o
 .debug_macro   0x000000000001ec6c      0x1db ./Drivers/BSP/STM32F4-Discovery/stm32f4_discovery.o
 .debug_macro   0x000000000001ee47      0x228 ./Drivers/BSP/STM32F4-Discovery/stm32f4_discovery_accelerometer.o
 .debug_macro   0x000000000001f06f      0x229 ./Drivers/BSP/STM32F4-Discovery/stm32f4_discovery_audio.o
 .debug_macro   0x000000000001f298       0x82 ./Drivers/BSP/STM32F4-Discovery/stm32f4_discovery_audio.o
 .debug_macro   0x000000000001f31a      0x170 ./Drivers/BSP/STM32F4-Discovery/stm32f4_discovery_audio.o
 .debug_macro   0x000000000001f48a      0x1e9 ./Drivers/CMSIS/system_stm32f4xx.o
 .debug_macro   0x000000000001f673      0x243 ./Drivers/STM32F4xx_HAL_Driver/stm32f4xx_hal.o
 .debug_macro   0x000000000001f8b6      0x1e3 ./Drivers/STM32F4xx_HAL_Driver/stm32f4xx_hal_cortex.o
 .debug_macro   0x000000000001fa99      0x1e9 ./Drivers/STM32F4xx_HAL_Driver/stm32f4xx_hal_dma.o
 .debug_macro   0x000000000001fc82      0x1e9 ./Drivers/STM32F4xx_HAL_Driver/stm32f4xx_hal_gpio.o
 .debug_macro   0x000000000001fe6b      0x22a ./Drivers/STM32F4xx_HAL_Driver/stm32f4xx_hal_i2c.o
 .debug_macro   0x0000000000020095      0x1eb ./Drivers/STM32F4xx_HAL_Driver/stm32f4xx_hal_i2s.o
 .debug_macro   0x0000000000020280      0x1e3 ./Drivers/STM32F4xx_HAL_Driver/stm32f4xx_hal_i2s_ex.o
 .debug_macro   0x0000000000020463      0x207 ./Drivers/STM32F4xx_HAL_Driver/stm32f4xx_hal_rcc.o
 .debug_macro   0x000000000002066a      0x1e3 ./Drivers/STM32F4xx_HAL_Driver/stm32f4xx_hal_rcc_ex.o
 .debug_macro   0x000000000002084d      0x1f2 ./Drivers/STM32F4xx_HAL_Driver/stm32f4xx_hal_spi.o
 .debug_macro   0x0000000000020a3f      0x406 ./Example/User/audio_play.o
 .debug_macro   0x0000000000020e45       0x16 ./Example/User/audio_play.o
 .debug_macro   0x0000000000020e5b       0x52 ./Example/User/audio_play.o
 .debug_macro   0x0000000000020ead       0x18 ./Example/User/audio_play.o
 .debug_macro   0x0000000000020ec5       0x3c ./Example/User/audio_play.o
 .debug_macro   0x0000000000020f01       0x34 ./Example/User/audio_play.o
 .debug_macro   0x0000000000020f35       0x16 ./Example/User/audio_play.o
 .debug_macro   0x0000000000020f4b       0x35 ./Example/User/audio_play.o
 .debug_macro   0x0000000000020f80      0x333 ./Example/User/audio_play.o
 .debug_macro   0x00000000000212b3       0x10 ./Example/User/audio_play.o
 .debug_macro   0x00000000000212c3       0x16 ./Example/User/audio_play.o
 .debug_macro   0x00000000000212d9       0x43 ./Example/User/audio_play.o
 .debug_macro   0x000000000002131c       0x34 ./Example/User/audio_play.o
 .debug_macro   0x0000000000021350       0x10 ./Example/User/audio_play.o
 .debug_macro   0x0000000000021360       0x58 ./Example/User/audio_play.o
 .debug_macro   0x00000000000213b8       0x71 ./Example/User/audio_play.o
 .debug_macro   0x0000000000021429       0x1c ./Example/User/audio_play.o
 .debug_macro   0x0000000000021445      0x12a ./Example/User/audio_play.o
 .debug_macro   0x000000000002156f       0x10 ./Example/User/audio_play.o
 .debug_macro   0x000000000002157f       0x1c ./Example/User/audio_play.o
 .debug_macro   0x000000000002159b       0x52 ./Example/User/audio_play.o
 .debug_macro   0x00000000000215ed       0x22 ./Example/User/audio_play.o
 .debug_macro   0x000000000002160f       0x10 ./Example/User/audio_play.o
 .debug_macro   0x000000000002161f       0x40 ./Example/User/audio_play.o
 .debug_macro   0x000000000002165f       0xd5 ./Example/User/audio_play.o
 .debug_macro   0x0000000000021734       0x1c ./Example/User/audio_play.o
 .debug_macro   0x0000000000021750       0x3d ./Example/User/audio_play.o
 .debug_macro   0x000000000002178d       0x16 ./Example/User/audio_play.o
 .debug_macro   0x00000000000217a3      0x145 ./Example/User/audio_play.o
 .debug_macro   0x00000000000218e8       0x22 ./Example/User/audio_play.o
 .debug_macro   0x000000000002190a      0x430 ./Example/User/audio_record.o
 .debug_macro   0x0000000000021d3a       0x16 ./Example/User/audio_record.o
 .debug_macro   0x0000000000021d50       0x20 ./Example/User/audio_record.o
 .debug_macro   0x0000000000021d70      0x3f6 ./Example/User/main.o
 .debug_macro   0x0000000000022166      0x3fa ./Example/User/mems.o
 .debug_macro   0x0000000000022560      0x400 ./Example/User/stm32f4xx_it.o

.debug_line     0x0000000000000000    0x1848e
 .debug_line    0x0000000000000000      0x976 ./Drivers/BSP/Components/cs43l22.o
 .debug_line    0x0000000000000976      0x711 ./Drivers/BSP/Components/lis3dsh.o
 .debug_line    0x0000000000001087      0xd29 ./Drivers/BSP/STM32F4-Discovery/stm32f4_discovery.o
 .debug_line    0x0000000000001db0      0x9f7 ./Drivers/BSP/STM32F4-Discovery/stm32f4_discovery_accelerometer.o
 .debug_line    0x00000000000027a7     0x1125 ./Drivers/BSP/STM32F4-Discovery/stm32f4_discovery_audio.o
 .debug_line    0x00000000000038cc      0x7d7 ./Drivers/CMSIS/system_stm32f4xx.o
 .debug_line    0x00000000000040a3      0xa67 ./Drivers/STM32F4xx_HAL_Driver/stm32f4xx_hal.o
 .debug_line    0x0000000000004b0a      0xcce ./Drivers/STM32F4xx_HAL_Driver/stm32f4xx_hal_cortex.o
 .debug_line    0x00000000000057d8     0x1217 ./Drivers/STM32F4xx_HAL_Driver/stm32f4xx_hal_dma.o
 .debug_line    0x00000000000069ef      0xc64 ./Drivers/STM32F4xx_HAL_Driver/stm32f4xx_hal_gpio.o
 .debug_line    0x0000000000007653     0x59f4 ./Drivers/STM32F4xx_HAL_Driver/stm32f4xx_hal_i2c.o
 .debug_line    0x000000000000d047     0x163c ./Drivers/STM32F4xx_HAL_Driver/stm32f4xx_hal_i2s.o
 .debug_line    0x000000000000e683     0x117d ./Drivers/STM32F4xx_HAL_Driver/stm32f4xx_hal_i2s_ex.o
 .debug_line    0x000000000000f800      0xfe4 ./Drivers/STM32F4xx_HAL_Driver/stm32f4xx_hal_rcc.o
 .debug_line    0x00000000000107e4      0xb77 ./Drivers/STM32F4xx_HAL_Driver/stm32f4xx_hal_rcc_ex.o
 .debug_line    0x000000000001135b     0x2c8a ./Drivers/STM32F4xx_HAL_Driver/stm32f4xx_hal_spi.o
 .debug_line    0x0000000000013fe5       0xa4 ./Example/SW4STM32/startup_stm32f407xx.o
 .debug_line    0x0000000000014089      0xdca ./Example/User/audio_play.o
 .debug_line    0x0000000000014e53      0xe63 ./Example/User/audio_record.o
 .debug_line    0x0000000000015cb6      0xdf3 ./Example/User/main.o
 .debug_line    0x0000000000016aa9      0xcb5 ./Example/User/mems.o
 .debug_line    0x000000000001775e      0xd30 ./Example/User/stm32f4xx_it.o

.debug_str      0x0000000000000000    0xca77e
 .debug_str     0x0000000000000000     0x452d ./Drivers/BSP/Components/cs43l22.o
                                       0x473c (size before relaxing)