16:55:02 **** Incremental Build of configuration Debug for project BSP ****
make all 
arm-none-eabi-gcc -o "STM32F4-Discovery.elf" @"objects.list"  -l:libPDMFilter_CM4_GCC_wc32.a -mcpu=cortex-m4 -T"../STM32F407VGTx_FLASH.ld" --specs=nosys.specs -Wl,-Map="STM32F4-Discovery.map" -Wl,--gc-sections -static -L../../../Middlewares/ST/STM32_Audio/Addons/PDM/Lib --specs=nano.specs -mfpu=fpv4-sp-d16 -mfloat-abi=hard -mthumb -Wl,--start-group -lc -lm -Wl,--end-group
Finished building target: STM32F4-Discovery.elf
 
arm-none-eabi-size   STM32F4-Discovery.elf 
   text	   data	    bss	    dec	    hex	filename
  26964	   1476	  60004	  88444	  1597c	STM32F4-Discovery.elf
Finished building: default.size.stdout
 
arm-none-eabi-objdump -h -S  STM32F4-Discovery.elf  > "STM32F4-Discovery.list"
Finished building: STM32F4-Discovery.list
 
arm-none-eabi-objcopy  -O binary  STM32F4-Discovery.elf  "STM32F4-Discovery.bin"
Finished building: STM32F4-Discovery.bin
 

16:55:02 Build Finished. 0 errors, 0 warnings. (took 438ms)

