11:32:08 **** Incremental Build of configuration Debug for project lis3dsh_freefall_detection3 ****
make -j8 all 
arm-none-eabi-gcc "../Src/main.c" -mcpu=cortex-m4 -std=gnu11 -g3 -DDEBUG -DSTM32 -DSTM32F407G_DISC1 -DSTM32F4 -DSTM32F407VGTx -DSTM32F407xx -c -I../Inc -I/opt/st/stm32cubeide_1.7.0/Chipheaders/Device/ST/STM32F4xx/Include -I/opt/st/stm32cubeide_1.7.0/Chipheaders/Include -O0 -ffunction-sections -fdata-sections -Wall -fstack-usage -MMD -MP -MF"Src/main.d" -MT"Src/main.o" --specs=nano.specs -mfloat-abi=soft -mthumb -o "Src/main.o"
arm-none-eabi-gcc -o "lis3dsh_freefall_detection3.elf" @"objects.list"   -mcpu=cortex-m4 -T"/home/vish/Documents/stm32/barmetal/lis3dsh_freefall_detection3/STM32F407VGTX_FLASH.ld" --specs=nosys.specs -Wl,-Map="lis3dsh_freefall_detection3.map" -Wl,--gc-sections -static --specs=nano.specs -mfloat-abi=soft -mthumb -Wl,--start-group -lc -lm -Wl,--end-group
Finished building target: lis3dsh_freefall_detection3.elf
 
arm-none-eabi-size   lis3dsh_freefall_detection3.elf 
arm-none-eabi-objdump -h -S  lis3dsh_freefall_detection3.elf  > "lis3dsh_freefall_detection3.list"
arm-none-eabi-objcopy  -O binary  lis3dsh_freefall_detection3.elf  "lis3dsh_freefall_detection3.bin"
   text	   data	    bss	    dec	    hex	filename
   3428	      8	   1568	   5004	   138c	lis3dsh_freefall_detection3.elf
Finished building: default.size.stdout
 
Finished building: lis3dsh_freefall_detection3.bin
 
Finished building: lis3dsh_freefall_detection3.list
 

11:32:09 Build Finished. 0 errors, 0 warnings. (took 479ms)

